<html>
<body>
<pre>
<h1>µVision Build Log</h1>
<h2>Tool Versions:</h2>
IDE-Version: ¦ÌVision V5.16a
Copyright (C) 2015 ARM Ltd and ARM Germany GmbH. All rights reserved.
License Information: 12 12, 12, LIC=R4HKP-M4F4I-TJ16H-W273H-NC0L9-92JGK
 
Tool Versions:
Toolchain:       MDK-ARM Professional  Version: 5.16a
Toolchain Path:  D:\Keil_v5\ARM\ARMCC\Bin
C Compiler:      Armcc.exe V5.06 (build 20)
Assembler:       Armasm.exe V5.06 (build 20)
Linker/Locator:  ArmLink.exe V5.06 (build 20)
Library Manager: ArmAr.exe V5.06 (build 20)
Hex Converter:   FromElf.exe V5.06 (build 20)
CPU DLL:         SARMCM3.DLL V5.16a
Dialog DLL:      DCM.DLL V1.13.2.0
Target DLL:      STLink\ST-LINKIII-KEIL_SWO.dll V2.0.17.0
Dialog DLL:      TCM.DLL V1.14.5.0
 
<h2>Project:</h2>
D:\Desktop\C8T6FreeRtos\C8T6FreeRtos\MDK-ARM\c8t6FreeRtos.uvprojx
Project File Date:  09/27/2022

<h2>Output:</h2>
*** Using Compiler 'V5.06 (build 20)', folder: 'D:\Keil_v5\ARM\ARMCC\Bin'
Build target 'c8t6FreeRtos'
compiling wifi.c...
..\APP\WIFI\wifi.c(99): warning:  #111-D: statement is unreachable
  	return ERROR;
..\APP\WIFI\wifi.c: 1 warning, 0 errors
compiling crc.c...
compiling freertos.c...
compiling get_temp.c...
compiling stm32f1xx_hal_msp.c...
compiling relay.c...
compiling stm32f1xx_it.c...
compiling delay.c...
compiling flash.c...
compiling main.c...
../Src/main.c(998): warning:  #188-D: enumerated type mixed with another type
  			HAL_GPIO_WritePin(
NS_LED_PORT,
NS_LED_PIN,!HAL_GPIO_ReadPin(
NS_LED_PORT, 
NS_LED_PIN));			
../Src/main.c: 1 warning, 0 errors
compiling modbus.c...
compiling config.c...
compiling infrared.c...
linking...
Program Size: Code=31440 RO-data=656 RW-data=620 ZI-data=18300  
FromELF: creating hex file...
"c8t6FreeRtos\c8t6FreeRtos.axf" - 0 Error(s), 2 Warning(s).

<h2>Software Packages used:</h2>

Package Vendor: ARM
                http://www.keil.com/pack/ARM.CMSIS.4.3.0.pack
                ARM::CMSIS:CORE:4.1.0
                CMSIS (Cortex Microcontroller Software Interface Standard)
   * Component: CORE Version: 4.1.0

<h2>Collection of Component include folders:</h2>
  D:\Desktop\C8T6FreeRtos\C8T6FreeRtos\MDK-ARM\RTE
  D:\Keil_v5\ARM\PACK\ARM\CMSIS\4.3.0\CMSIS\Include
  D:\Keil_v5\ARM\PACK\Keil\STM32F1xx_DFP\2.3.0\Device\Include

<h2>Collection of Component Files used:</h2>

   * Component: ARM::CMSIS:CORE:4.1.0
Build Time Elapsed:  00:00:09
</pre>
</body>
</html>
