Component: ARM Compiler 5.06 (build 20) Tool: armlink [4d35a3]

==============================================================================

Section Cross References

    startup_stm32f103xb.o(RESET) refers to startup_stm32f103xb.o(STACK) for __initial_sp
    startup_stm32f103xb.o(RESET) refers to startup_stm32f103xb.o(.text) for Reset_Handler
    startup_stm32f103xb.o(RESET) refers to stm32f1xx_it.o(i.NMI_Handler) for NMI_Handler
    startup_stm32f103xb.o(RESET) refers to stm32f1xx_it.o(i.HardFault_Handler) for HardFault_Handler
    startup_stm32f103xb.o(RESET) refers to stm32f1xx_it.o(i.MemManage_Handler) for MemManage_Handler
    startup_stm32f103xb.o(RESET) refers to stm32f1xx_it.o(i.BusFault_Handler) for BusFault_Handler
    startup_stm32f103xb.o(RESET) refers to stm32f1xx_it.o(i.UsageFault_Handler) for UsageFault_Handler
    startup_stm32f103xb.o(RESET) refers to port.o(.emb_text) for SVC_Handler
    startup_stm32f103xb.o(RESET) refers to stm32f1xx_it.o(i.DebugMon_Handler) for DebugMon_Handler
    startup_stm32f103xb.o(RESET) refers to port.o(i.SysTick_Handler) for SysTick_Handler
    startup_stm32f103xb.o(RESET) refers to stm32f1xx_it.o(i.EXTI9_5_IRQHandler) for EXTI9_5_IRQHandler
    startup_stm32f103xb.o(RESET) refers to stm32f1xx_it.o(i.TIM1_UP_IRQHandler) for TIM1_UP_IRQHandler
    startup_stm32f103xb.o(RESET) refers to stm32f1xx_it.o(i.TIM2_IRQHandler) for TIM2_IRQHandler
    startup_stm32f103xb.o(RESET) refers to stm32f1xx_it.o(i.USART1_IRQHandler) for USART1_IRQHandler
    startup_stm32f103xb.o(RESET) refers to stm32f1xx_it.o(i.USART2_IRQHandler) for USART2_IRQHandler
    startup_stm32f103xb.o(RESET) refers to stm32f1xx_it.o(i.USART3_IRQHandler) for USART3_IRQHandler
    startup_stm32f103xb.o(.text) refers to system_stm32f1xx.o(i.SystemInit) for SystemInit
    startup_stm32f103xb.o(.text) refers to entry.o(.ARM.Collect$$$$00000000) for __main
    main.o(i.MX_GPIO_Init) refers to stm32f1xx_hal_gpio.o(i.HAL_GPIO_Init) for HAL_GPIO_Init
    main.o(i.MX_GPIO_Init) refers to stm32f1xx_hal_gpio.o(i.HAL_GPIO_WritePin) for HAL_GPIO_WritePin
    main.o(i.MX_GPIO_Init) refers to relay.o(i.relay_init) for relay_init
    main.o(i.MX_GPIO_Init) refers to stm32f1xx_hal_iwdg.o(i.HAL_IWDG_Init) for HAL_IWDG_Init
    main.o(i.MX_GPIO_Init) refers to stm32f1xx_hal_iwdg.o(i.HAL_IWDG_Refresh) for HAL_IWDG_Refresh
    main.o(i.MX_GPIO_Init) refers to main.o(.bss) for .bss
    main.o(i.MX_USART1_UART_Init) refers to stm32f1xx_hal_uart.o(i.HAL_UART_Init) for HAL_UART_Init
    main.o(i.MX_USART1_UART_Init) refers to stm32f1xx_hal_uart.o(i.HAL_UART_Receive_IT) for HAL_UART_Receive_IT
    main.o(i.MX_USART1_UART_Init) refers to main.o(.bss) for .bss
    main.o(i.MX_USART2_UART_Init) refers to stm32f1xx_hal_uart.o(i.HAL_UART_Init) for HAL_UART_Init
    main.o(i.MX_USART2_UART_Init) refers to stm32f1xx_hal_uart.o(i.HAL_UART_Receive_IT) for HAL_UART_Receive_IT
    main.o(i.MX_USART2_UART_Init) refers to main.o(.bss) for .bss
    main.o(i.MX_USART3_UART_Init) refers to stm32f1xx_hal_uart.o(i.HAL_UART_Init) for HAL_UART_Init
    main.o(i.MX_USART3_UART_Init) refers to stm32f1xx_hal_uart.o(i.HAL_UART_Receive_IT) for HAL_UART_Receive_IT
    main.o(i.MX_USART3_UART_Init) refers to main.o(.bss) for .bss
    main.o(i.StartDefaultTask) refers to printfa.o(i.__0printf) for __2printf
    main.o(i.StartDefaultTask) refers to cmsis_os.o(i.osDelay) for osDelay
    main.o(i.SystemClock_Config) refers to memseta.o(.text) for __aeabi_memclr4
    main.o(i.SystemClock_Config) refers to stm32f1xx_hal_rcc.o(i.HAL_RCC_OscConfig) for HAL_RCC_OscConfig
    main.o(i.SystemClock_Config) refers to stm32f1xx_hal_rcc.o(i.HAL_RCC_ClockConfig) for HAL_RCC_ClockConfig
    main.o(i.esp826601_net_work_task) refers to wifi.o(i.sendCommand) for sendCommand
    main.o(i.esp826601_net_work_task) refers to wifi.o(i.esp826601_wifi_connect) for esp826601_wifi_connect
    main.o(i.esp826601_net_work_task) refers to tasks.o(i.vTaskDelay) for vTaskDelay
    main.o(i.esp826601_net_work_task) refers to printfa.o(i.__0printf) for __2printf
    main.o(i.esp826601_net_work_task) refers to printfa.o(i.__0sprintf) for __2sprintf
    main.o(i.esp826601_net_work_task) refers to memcpya.o(.text) for __aeabi_memcpy
    main.o(i.esp826601_net_work_task) refers to crc.o(i.CRC16_2_modbus) for CRC16_2_modbus
    main.o(i.esp826601_net_work_task) refers to stm32f1xx_hal_uart.o(i.HAL_UART_Transmit) for HAL_UART_Transmit
    main.o(i.esp826601_net_work_task) refers to strstr.o(.text) for strstr
    main.o(i.esp826601_net_work_task) refers to flash.o(i.flash__write) for flash__write
    main.o(i.esp826601_net_work_task) refers to stm32f1xx_hal_gpio.o(i.HAL_GPIO_TogglePin) for HAL_GPIO_TogglePin
    main.o(i.esp826601_net_work_task) refers to port.o(i.vPortEnterCritical) for vPortEnterCritical
    main.o(i.esp826601_net_work_task) refers to tasks.o(i.xTaskCreate) for xTaskCreate
    main.o(i.esp826601_net_work_task) refers to tasks.o(i.vTaskDelete) for vTaskDelete
[...]
    i.temp_humi_task                         0x0800712c   Section        0  main.o(i.temp_humi_task)
    i.time_to_secs                           0x08007340   Section        0  modbus.o(i.time_to_secs)
    i.update_net_time                        0x08007388   Section        0  modbus.o(i.update_net_time)
    update_net_time                          0x08007389   Thumb Code    92  modbus.o(i.update_net_time)
    i.uxListRemove                           0x08007400   Section        0  list.o(i.uxListRemove)
    i.vListInitialise                        0x08007426   Section        0  list.o(i.vListInitialise)
    i.vListInitialiseItem                    0x0800743c   Section        0  list.o(i.vListInitialiseItem)
    i.vListInsert                            0x08007442   Section        0  list.o(i.vListInsert)
    i.vListInsertEnd                         0x08007472   Section        0  list.o(i.vListInsertEnd)
    i.vPortEnterCritical                     0x0800748c   Section        0  port.o(i.vPortEnterCritical)
    i.vPortExitCritical                      0x080074cc   Section        0  port.o(i.vPortExitCritical)
    i.vPortFree                              0x080074f4   Section        0  heap_4.o(i.vPortFree)
    i.vPortSetupTimerInterrupt               0x08007550   Section        0  port.o(i.vPortSetupTimerInterrupt)
    i.vTaskDelay                             0x08007574   Section        0  tasks.o(i.vTaskDelay)
    i.vTaskDelete                            0x080075c0   Section        0  tasks.o(i.vTaskDelete)
    i.vTaskStartScheduler                    0x0800766c   Section        0  tasks.o(i.vTaskStartScheduler)
    i.vTaskSuspendAll                        0x080076d4   Section        0  tasks.o(i.vTaskSuspendAll)
    i.vTaskSwitchContext                     0x080076e4   Section        0  tasks.o(i.vTaskSwitchContext)
    i.writeFlashTest                         0x08007740   Section        0  flash.o(i.writeFlashTest)
    i.write_hex_data                         0x080077b8   Section        0  modbus.o(i.write_hex_data)
    i.write_id_data                          0x080077f8   Section        0  modbus.o(i.write_id_data)
    i.write_id_data1                         0x08007884   Section        0  modbus.o(i.write_id_data1)
    i.write_txt_data                         0x0800790c   Section        0  modbus.o(i.write_txt_data)
    i.xPortGetFreeHeapSize                   0x0800797c   Section        0  heap_4.o(i.xPortGetFreeHeapSize)
    i.xPortStartScheduler                    0x08007988   Section        0  port.o(i.xPortStartScheduler)
    i.xTaskCreate                            0x08007a30   Section        0  tasks.o(i.xTaskCreate)
    i.xTaskIncrementTick                     0x08007a88   Section        0  tasks.o(i.xTaskIncrementTick)
    i.xTaskResumeAll                         0x08007b50   Section        0  tasks.o(i.xTaskResumeAll)
    .constdata                               0x08007c14   Section       16  system_stm32f1xx.o(.constdata)
    .constdata                               0x08007c24   Section        8  system_stm32f1xx.o(.constdata)
    .constdata                               0x08007c2c   Section      165  modbus.o(.constdata)
    .constdata                               0x08007cd1   Section       12  mktime.o(.constdata)
    monlen                                   0x08007cd1   Data          12  mktime.o(.constdata)
    .constdata                               0x08007cdd   Section       12  localtime_i.o(.constdata)
    monlen                                   0x08007cdd   Data          12  localtime_i.o(.constdata)
    .constdata                               0x08007ce9   Section      129  ctype_o.o(.constdata)
    .constdata                               0x08007d6c   Section        4  ctype_o.o(.constdata)
    table                                    0x08007d6c   Data           4  ctype_o.o(.constdata)
    .conststring                             0x08007d70   Section       37  wifi.o(.conststring)
    .data                                    0x20000000   Section      157  main.o(.data)
    time_out                                 0x20000001   Data           1  main.o(.data)
    wifi_time_out                            0x20000002   Data           1  main.o(.data)
    flag                                     0x20000003   Data           1  main.o(.data)
    time_out                                 0x20000004   Data           1  main.o(.data)
    status                                   0x20000005   Data           1  main.o(.data)
    airStatus                                0x20000006   Data           1  main.o(.data)
    sensor_sta                               0x20000007   Data           1  main.o(.data)
    sensor_sta_time_out                      0x20000008   Data           1  main.o(.data)
    count                                    0x20000009   Data           1  main.o(.data)
    temp_max                                 0x2000000a   Data           2  main.o(.data)
    temp_min                                 0x2000000c   Data           2  main.o(.data)
    time_out                                 0x2000000e   Data           2  main.o(.data)
    _temp_add                                0x20000010   Data           4  main.o(.data)
    _humi_add                                0x20000014   Data           4  main.o(.data)
    ok_count                                 0x2000003c   Data           6  main.o(.data)
    .data                                    0x200000a0   Section       12  stm32f1xx_hal.o(.data)
    .data                                    0x200000ac   Section        4  system_stm32f1xx.o(.data)
    .data                                    0x200000b0   Section       60  tasks.o(.data)
    pxDelayedTaskList                        0x200000b4   Data           4  tasks.o(.data)
    pxOverflowDelayedTaskList                0x200000b8   Data           4  tasks.o(.data)
    uxDeletedTasksWaitingCleanUp             0x200000bc   Data           4  tasks.o(.data)
    uxCurrentNumberOfTasks                   0x200000c0   Data           4  tasks.o(.data)
    xTickCount                               0x200000c4   Data           4  tasks.o(.data)
    uxTopReadyPriority                       0x200000c8   Data           4  tasks.o(.data)
    xSchedulerRunning                        0x200000cc   Data           4  tasks.o(.data)
    uxPendedTicks                            0x200000d0   Data           4  tasks.o(.data)
    xYieldPending                            0x200000d4   Data           4  tasks.o(.data)
    xNumOfOverflows                          0x200000d8   Data           4  tasks.o(.data)
    uxTaskNumber                             0x200000dc   Data           4  tasks.o(.data)
    xNextTaskUnblockTime                     0x200000e0   Data           4  tasks.o(.data)
    xIdleTaskHandle                          0x200000e4   Data           4  tasks.o(.data)
    uxSchedulerSuspended                     0x200000e8   Data           4  tasks.o(.data)
    .data                                    0x200000ec   Section       24  heap_4.o(.data)
    pxEnd                                    0x200000ec   Data           4  heap_4.o(.data)
    xFreeBytesRemaining                      0x200000f0   Data           4  heap_4.o(.data)
    xMinimumEverFreeBytesRemaining           0x200000f4   Data           4  heap_4.o(.data)
    xBlockAllocatedBit                       0x200000f8   Data           4  heap_4.o(.data)
    xStart                                   0x200000fc   Data           8  heap_4.o(.data)
    .data                                    0x20000104   Section       12  port.o(.data)
    ucMaxSysCallPriority                     0x20000104   Data           1  port.o(.data)
    uxCriticalNesting                        0x20000108   Data           4  port.o(.data)
    ulMaxPRIGROUPValue                       0x2000010c   Data           4  port.o(.data)
    .data                                    0x20000110   Section       16  flash.o(.data)
    halRet                                   0x20000110   Data           1  flash.o(.data)
    halRet                                   0x20000111   Data           1  flash.o(.data)
    addr                                     0x20000114   Data           4  flash.o(.data)
    addr                                     0x20000118   Data           4  flash.o(.data)
    addr                                     0x2000011c   Data           4  flash.o(.data)
    .data                                    0x20000120   Section       17  relay.o(.data)
    status                                   0x20000120   Data           1  relay.o(.data)
    app                                      0x20000128   Data           4  relay.o(.data)
    .data                                    0x20000132   Section       10  get_temp.o(.data)
    crc                                      0x20000132   Data           2  get_temp.o(.data)
    sht30_write                              0x20000134   Data           8  get_temp.o(.data)
    .data                                    0x2000013c   Section      242  modbus.o(.data)
    data                                     0x2000013c   Data           1  modbus.o(.data)
    flag                                     0x2000013d   Data           1  modbus.o(.data)
    count                                    0x2000013e   Data           1  modbus.o(.data)
    count                                    0x2000013f   Data           1  modbus.o(.data)
    p                                        0x20000140   Data           4  modbus.o(.data)
    txt                                      0x20000144   Data           4  modbus.o(.data)
    buf                                      0x20000148   Data           6  modbus.o(.data)
    .data                                    0x20000230   Section        4  wifi.o(.data)
    .data                                    0x20000234   Section        8  delay.o(.data)
    fac_us                                   0x20000234   Data           2  delay.o(.data)
    fac_ms                                   0x20000238   Data           4  delay.o(.data)
    .data                                    0x2000023c   Section        4  config.o(.data)
    app                                      0x2000023c   Data           4  config.o(.data)
    .data                                    0x20000240   Section       12  config.o(.data)
    .data                                    0x2000024c   Section        4  config.o(.data)
    locApp                                   0x2000024c   Data           4  config.o(.data)
    .data                                    0x20000250   Section       12  infrared.o(.data)
    irRecv                                   0x20000250   Data           4  infrared.o(.data)
    irSend                                   0x20000254   Data           4  infrared.o(.data)
    recv_cb                                  0x20000258   Data           4  infrared.o(.data)
    .data                                    0x2000025c   Section        4  stdout.o(.data)
    .data                                    0x20000260   Section        4  mvars.o(.data)
    .data                                    0x20000264   Section        4  mvars.o(.data)
    .data                                    0x20000268   Section        4  errno.o(.data)
    _errno                                   0x20000268   Data           4  errno.o(.data)
    .bss                                     0x2000026c   Section     4708  main.o(.bss)
    work_way1                                0x20000414   Data          27  main.o(.bss)
    work_way                                 0x2000042f   Data          27  main.o(.bss)
    to_app_data                              0x2000044a   Data          94  main.o(.bss)
    payload                                  0x200004a8   Data         165  main.o(.bss)
    work_way_status_                         0x2000054d   Data          27  main.o(.bss)
    to_app_data                              0x20000568   Data          94  main.o(.bss)
    payload                                  0x200005c6   Data         165  main.o(.bss)
    work_way_status_                         0x2000066b   Data          27  main.o(.bss)
    update_to_app                            0x20000686   Data          94  main.o(.bss)
    payload                                  0x200006e4   Data         165  main.o(.bss)
    to_app_data                              0x20000789   Data          94  main.o(.bss)
    topic                                    0x2000148a   Data          70  main.o(.bss)
    .bss                                     0x200014d0   Section       72  stm32f1xx_hal_timebase_tim.o(.bss)
    .bss                                     0x20001518   Section       32  stm32f1xx_hal_flash.o(.bss)
    .bss                                     0x20001538   Section      400  tasks.o(.bss)
    pxReadyTasksLists                        0x20001538   Data         300  tasks.o(.bss)
    xDelayedTaskList1                        0x20001664   Data          20  tasks.o(.bss)
    xDelayedTaskList2                        0x20001678   Data          20  tasks.o(.bss)
    xPendingReadyList                        0x2000168c   Data          20  tasks.o(.bss)
    xTasksWaitingTermination                 0x200016a0   Data          20  tasks.o(.bss)
    xSuspendedTaskList                       0x200016b4   Data          20  tasks.o(.bss)
    .bss                                     0x200016c8   Section     8192  heap_4.o(.bss)
    ucHeap                                   0x200016c8   Data        8192  heap_4.o(.bss)
    .bss                                     0x200036c8   Section      802  relay.o(.bss)
    .bss                                     0x200039ea   Section       19  get_temp.o(.bss)
    data                                     0x200039ea   Data          10  get_temp.o(.bss)
    sht30_read                               0x200039f4   Data           9  get_temp.o(.bss)
    .bss                                     0x200039fd   Section      316  modbus.o(.bss)
    txt_send                                 0x200039fd   Data          31  modbus.o(.bss)
    buf                                      0x20003a1c   Data          30  modbus.o(.bss)
    send_cmd                                 0x20003a3a   Data          11  modbus.o(.bss)
    send_cmd                                 0x20003a45   Data          11  modbus.o(.bss)
    nowtime                                  0x20003a50   Data          24  modbus.o(.bss)
    nowtime                                  0x20003a68   Data          24  modbus.o(.bss)
    buf                                      0x20003a80   Data          20  modbus.o(.bss)
    table_data                               0x20003a94   Data         165  modbus.o(.bss)
    .bss                                     0x20003b39   Section      562  wifi.o(.bss)
    .bss                                     0x20003d6c   Section      804  config.o(.bss)
    locIr                                    0x20003d6c   Data         804  config.o(.bss)
    .bss                                     0x20004090   Section      804  infrared.o(.bss)
    locIrRecv                                0x20004090   Data         804  infrared.o(.bss)
    .bss                                     0x200043b4   Section       12  infrared.o(.bss)
    locIrSend                                0x200043b4   Data          12  infrared.o(.bss)
    .bss                                     0x200043c0   Section      144  infrared.o(.bss)
    HEAP                                     0x20004450   Section      512  startup_stm32f103xb.o(HEAP)
    STACK                                    0x20004650   Section     1024  startup_stm32f103xb.o(STACK)

    Global Symbols

    Symbol Name                              Value     Ov Type        Size  Object(Section)

    BuildAttributes$$THM_ISAv4$P$D$K$B$S$PE$A:L22UL41UL21$X:L11$S22US41US21$IEEE1$IW$USESV6$~STKCKD$USESV7$~SHL$OTIME$ROPI$IEEEJ$EBA8$MICROLIB$REQ8$PRES8$EABIv2 0x00000000   Number         0  anon$$obj.o ABSOLUTE
    __ARM_use_no_argv                        0x00000000   Number         0  main.o ABSOLUTE
    _printf_a                                0x00000000   Number         0  stubs.o ABSOLUTE
    _printf_c                                0x00000000   Number         0  stubs.o ABSOLUTE
    _printf_charcount                        0x00000000   Number         0  stubs.o ABSOLUTE
    _printf_d                                0x00000000   Number         0  stubs.o ABSOLUTE
    _printf_e                                0x00000000   Number         0  stubs.o ABSOLUTE
    _printf_f                                0x00000000   Number         0  stubs.o ABSOLUTE
    _printf_flags                            0x00000000   Number         0  stubs.o ABSOLUTE
    _printf_fp_dec                           0x00000000   Number         0  stubs.o ABSOLUTE
    _printf_fp_hex                           0x00000000   Number         0  stubs.o ABSOLUTE
    _printf_g                                0x00000000   Number         0  stubs.o ABSOLUTE
    _printf_i                                0x00000000   Number         0  stubs.o ABSOLUTE
    _printf_int_dec                          0x00000000   Number         0  stubs.o ABSOLUTE
    _printf_l                                0x00000000   Number         0  stubs.o ABSOLUTE
    _printf_lc                               0x00000000   Number         0  stubs.o ABSOLUTE
    _printf_ll                               0x00000000   Number         0  stubs.o ABSOLUTE
    _printf_lld                              0x00000000   Number         0  stubs.o ABSOLUTE
    _printf_lli                              0x00000000   Number         0  stubs.o ABSOLUTE
    _printf_llo                              0x00000000   Number         0  stubs.o ABSOLUTE
    _printf_llu                              0x00000000   Number         0  stubs.o ABSOLUTE
    _printf_llx                              0x00000000   Number         0  stubs.o ABSOLUTE
    _printf_longlong_dec                     0x00000000   Number         0  stubs.o ABSOLUTE
    _printf_longlong_hex                     0x00000000   Number         0  stubs.o ABSOLUTE
    _printf_longlong_oct                     0x00000000   Number         0  stubs.o ABSOLUTE
    _printf_ls                               0x00000000   Number         0  stubs.o ABSOLUTE
    _printf_mbtowc                           0x00000000   Number         0  stubs.o ABSOLUTE
    _printf_n                                0x00000000   Number         0  stubs.o ABSOLUTE
    _printf_o                                0x00000000   Number         0  stubs.o ABSOLUTE
    _printf_p                                0x00000000   Number         0  stubs.o ABSOLUTE
    _printf_percent                          0x00000000   Number         0  stubs.o ABSOLUTE
    _printf_pre_padding                      0x00000000   Number         0  stubs.o ABSOLUTE
    _printf_return_value                     0x00000000   Number         0  stubs.o ABSOLUTE
    _printf_s                                0x00000000   Number         0  stubs.o ABSOLUTE
    _printf_sizespec                         0x00000000   Number         0  stubs.o ABSOLUTE
    _printf_str                              0x00000000   Number         0  stubs.o ABSOLUTE
    _printf_truncate_signed                  0x00000000   Number         0  stubs.o ABSOLUTE
    _printf_truncate_unsigned                0x00000000   Number         0  stubs.o ABSOLUTE
    _printf_u                                0x00000000   Number         0  stubs.o ABSOLUTE
    _printf_wc                               0x00000000   Number         0  stubs.o ABSOLUTE
    _printf_wctomb                           0x00000000   Number         0  stubs.o ABSOLUTE
    _printf_widthprec                        0x00000000   Number         0  stubs.o ABSOLUTE
    _printf_x                                0x00000000   Number         0  stubs.o ABSOLUTE
    __cpp_initialize__aeabi_                  - Undefined Weak Reference
    __cxa_finalize                            - Undefined Weak Reference
    _clock_init                               - Undefined Weak Reference
    _microlib_exit                            - Undefined Weak Reference
    __Vectors_Size                           0x000000ec   Number         0  startup_stm32f103xb.o ABSOLUTE
    __Vectors                                0x08000000   Data           4  startup_stm32f103xb.o(RESET)
    __Vectors_End                            0x080000ec   Data           0  startup_stm32f103xb.o(RESET)
    __main                                   0x080000ed   Thumb Code     0  entry.o(.ARM.Collect$$$$00000000)
    _main_stk                                0x080000ed   Thumb Code     0  entry2.o(.ARM.Collect$$$$00000001)
    _main_scatterload                        0x080000f1   Thumb Code     0  entry5.o(.ARM.Collect$$$$00000004)
    __main_after_scatterload                 0x080000f5   Thumb Code     0  entry5.o(.ARM.Collect$$$$00000004)
    _main_clock                              0x080000f5   Thumb Code     0  entry7b.o(.ARM.Collect$$$$00000008)
    _main_cpp_init                           0x080000f5   Thumb Code     0  entry8b.o(.ARM.Collect$$$$0000000A)
    _main_init                               0x080000f5   Thumb Code     0  entry9a.o(.ARM.Collect$$$$0000000B)
    __rt_final_cpp                           0x080000fd   Thumb Code     0  entry10a.o(.ARM.Collect$$$$0000000D)
    __rt_final_exit                          0x080000fd   Thumb Code     0  entry11a.o(.ARM.Collect$$$$0000000F)
    SVC_Handler                              0x08000101   Thumb Code    32  port.o(.emb_text)
    __asm___6_port_c_39a90d8d__prvStartFirstTask 0x08000125   Thumb Code    28  port.o(.emb_text)
    PendSV_Handler                           0x08000145   Thumb Code    72  port.o(.emb_text)
    vPortGetIPSR                             0x08000191   Thumb Code     6  port.o(.emb_text)
    Reset_Handler                            0x08000199   Thumb Code     8  startup_stm32f103xb.o(.text)
    ADC1_2_IRQHandler                        0x080001b3   Thumb Code     0  startup_stm32f103xb.o(.text)
    CAN1_RX1_IRQHandler                      0x080001b3   Thumb Code     0  startup_stm32f103xb.o(.text)
    CAN1_SCE_IRQHandler                      0x080001b3   Thumb Code     0  startup_stm32f103xb.o(.text)
    DMA1_Channel1_IRQHandler                 0x080001b3   Thumb Code     0  startup_stm32f103xb.o(.text)
    DMA1_Channel2_IRQHandler                 0x080001b3   Thumb Code     0  startup_stm32f103xb.o(.text)
    DMA1_Channel3_IRQHandler                 0x080001b3   Thumb Code     0  startup_stm32f103xb.o(.text)
    DMA1_Channel4_IRQHandler                 0x080001b3   Thumb Code     0  startup_stm32f103xb.o(.text)
    DMA1_Channel5_IRQHandler                 0x080001b3   Thumb Code     0  startup_stm32f103xb.o(.text)
    DMA1_Channel6_IRQHandler                 0x080001b3   Thumb Code     0  startup_stm32f103xb.o(.text)
    DMA1_Channel7_IRQHandler                 0x080001b3   Thumb Code     0  startup_stm32f103xb.o(.text)
    EXTI0_IRQHandler                         0x080001b3   Thumb Code     0  startup_stm32f103xb.o(.text)
    EXTI15_10_IRQHandler                     0x080001b3   Thumb Code     0  startup_stm32f103xb.o(.text)
    EXTI1_IRQHandler                         0x080001b3   Thumb Code     0  startup_stm32f103xb.o(.text)
    EXTI2_IRQHandler                         0x080001b3   Thumb Code     0  startup_stm32f103xb.o(.text)
    EXTI3_IRQHandler                         0x080001b3   Thumb Code     0  startup_stm32f103xb.o(.text)
    EXTI4_IRQHandler                         0x080001b3   Thumb Code     0  startup_stm32f103xb.o(.text)
    FLASH_IRQHandler                         0x080001b3   Thumb Code     0  startup_stm32f103xb.o(.text)
    I2C1_ER_IRQHandler                       0x080001b3   Thumb Code     0  startup_stm32f103xb.o(.text)
    I2C1_EV_IRQHandler                       0x080001b3   Thumb Code     0  startup_stm32f103xb.o(.text)
    I2C2_ER_IRQHandler                       0x080001b3   Thumb Code     0  startup_stm32f103xb.o(.text)
    I2C2_EV_IRQHandler                       0x080001b3   Thumb Code     0  startup_stm32f103xb.o(.text)
    PVD_IRQHandler                           0x080001b3   Thumb Code     0  startup_stm32f103xb.o(.text)
    RCC_IRQHandler                           0x080001b3   Thumb Code     0  startup_stm32f103xb.o(.text)
    RTC_Alarm_IRQHandler                     0x080001b3   Thumb Code     0  startup_stm32f103xb.o(.text)
    RTC_IRQHandler                           0x080001b3   Thumb Code     0  startup_stm32f103xb.o(.text)
    SPI1_IRQHandler                          0x080001b3   Thumb Code     0  startup_stm32f103xb.o(.text)
    SPI2_IRQHandler                          0x080001b3   Thumb Code     0  startup_stm32f103xb.o(.text)
    TAMPER_IRQHandler                        0x080001b3   Thumb Code     0  startup_stm32f103xb.o(.text)
    TIM1_BRK_IRQHandler                      0x080001b3   Thumb Code     0  startup_stm32f103xb.o(.text)
    TIM1_CC_IRQHandler                       0x080001b3   Thumb Code     0  startup_stm32f103xb.o(.text)
    TIM1_TRG_COM_IRQHandler                  0x080001b3   Thumb Code     0  startup_stm32f103xb.o(.text)
    TIM3_IRQHandler                          0x080001b3   Thumb Code     0  startup_stm32f103xb.o(.text)
    TIM4_IRQHandler                          0x080001b3   Thumb Code     0  startup_stm32f103xb.o(.text)
    USBWakeUp_IRQHandler                     0x080001b3   Thumb Code     0  startup_stm32f103xb.o(.text)
    USB_HP_CAN1_TX_IRQHandler                0x080001b3   Thumb Code     0  startup_stm32f103xb.o(.text)
    USB_LP_CAN1_RX0_IRQHandler               0x080001b3   Thumb Code     0  startup_stm32f103xb.o(.text)
    WWDG_IRQHandler                          0x080001b3   Thumb Code     0  startup_stm32f103xb.o(.text)
    __aeabi_llsr                             0x080001bd   Thumb Code    32  llushr.o(.text)
    _ll_ushift_r                             0x080001bd   Thumb Code     0  llushr.o(.text)
    mktime                                   0x080001dd   Thumb Code   150  mktime.o(.text)
    __aeabi_memcpy                           0x08000285   Thumb Code    36  memcpya.o(.text)
    __aeabi_memcpy4                          0x08000285   Thumb Code     0  memcpya.o(.text)
    __aeabi_memcpy8                          0x08000285   Thumb Code     0  memcpya.o(.text)
    __aeabi_memset                           0x080002a9   Thumb Code    14  memseta.o(.text)
    __aeabi_memset4                          0x080002a9   Thumb Code     0  memseta.o(.text)
    __aeabi_memset8                          0x080002a9   Thumb Code     0  memseta.o(.text)
    __aeabi_memclr                           0x080002b7   Thumb Code     4  memseta.o(.text)
    __aeabi_memclr4                          0x080002b7   Thumb Code     0  memseta.o(.text)
    __aeabi_memclr8                          0x080002b7   Thumb Code     0  memseta.o(.text)
    memset                                   0x080002bb   Thumb Code    18  memseta.o(.text)
    strcat                                   0x080002cd   Thumb Code    24  strcat.o(.text)
    strstr                                   0x080002e5   Thumb Code    36  strstr.o(.text)
    strlen                                   0x08000309   Thumb Code    14  strlen.o(.text)
    strcmp                                   0x08000317   Thumb Code    28  strcmp.o(.text)
    memcmp                                   0x08000333   Thumb Code    26  memcmp.o(.text)
    strcpy                                   0x0800034d   Thumb Code    18  strcpy.o(.text)
    atoi                                     0x0800035f   Thumb Code    26  atoi.o(.text)
    __aeabi_fdiv                             0x08000379   Thumb Code   124  fdiv.o(.text)
    __aeabi_dmul                             0x080003f5   Thumb Code   228  dmul.o(.text)
    __aeabi_i2f                              0x080004d9   Thumb Code    18  fflti.o(.text)
    __aeabi_ui2f                             0x080004eb   Thumb Code    10  ffltui.o(.text)
    __aeabi_d2iz                             0x080004f5   Thumb Code    62  dfixi.o(.text)
    __aeabi_d2uiz                            0x08000533   Thumb Code    50  dfixui.o(.text)
    __aeabi_f2d                              0x08000565   Thumb Code    38  f2d.o(.text)
    __aeabi_uidiv                            0x0800058b   Thumb Code     0  uidiv.o(.text)
    __aeabi_uidivmod                         0x0800058b   Thumb Code    44  uidiv.o(.text)
    __aeabi_uldivmod                         0x080005b7   Thumb Code    98  uldiv.o(.text)
    _localtime                               0x08000619   Thumb Code   134  localtime_i.o(.text)
    __strtod_int                             0x080006db   Thumb Code    88  strtod.o(.text)
    strtol                                   0x08000741   Thumb Code   112  strtol.o(.text)
    __I$use$fp                               0x080007b1   Thumb Code     0  iusefp.o(.text)
    _float_round                             0x080007b1   Thumb Code    18  fepilogue.o(.text)
    _float_epilogue                          0x080007c3   Thumb Code    92  fepilogue.o(.text)
    _double_round                            0x0800081f   Thumb Code    30  depilogue.o(.text)
    _double_epilogue                         0x0800083d   Thumb Code   156  depilogue.o(.text)
    __aeabi_dadd                             0x080008d9   Thumb Code   322  dadd.o(.text)
    __aeabi_dsub                             0x08000a1b   Thumb Code     6  dadd.o(.text)
    __aeabi_drsub                            0x08000a21   Thumb Code     6  dadd.o(.text)
    __aeabi_ddiv                             0x08000a27   Thumb Code   222  ddiv.o(.text)
    __aeabi_d2ulz                            0x08000b05   Thumb Code    48  dfixul.o(.text)
    __aeabi_cdrcmple                         0x08000b35   Thumb Code    48  cdrcmple.o(.text)
    __scatterload                            0x08000b65   Thumb Code    28  init.o(.text)
    __scatterload_rt2                        0x08000b65   Thumb Code     0  init.o(.text)
    __aeabi_llsl                             0x08000b89   Thumb Code    30  llshl.o(.text)
    _ll_shift_l                              0x08000b89   Thumb Code     0  llshl.o(.text)
    __aeabi_lasr                             0x08000ba7   Thumb Code    36  llsshr.o(.text)
    _ll_sshift_r                             0x08000ba7   Thumb Code     0  llsshr.o(.text)
    __rt_ctype_table                         0x08000bcd   Thumb Code     4  ctype_o.o(.text)
    isspace                                  0x08000bd5   Thumb Code    18  isspace_o.o(.text)
    _scanf_real                              0x08000ce9   Thumb Code     0  scanf_fp.o(.text)
    _scanf_really_real                       0x08000ce9   Thumb Code   556  scanf_fp.o(.text)
    _sgetc                                   0x08000f21   Thumb Code    30  _sgetc.o(.text)
    _sbackspace                              0x08000f3f   Thumb Code    34  _sgetc.o(.text)
    _strtoul                                 0x08000f61   Thumb Code   158  _strtoul.o(.text)
    _chval                                   0x08000fff   Thumb Code    28  _chval.o(.text)
    __aeabi_ul2d                             0x0800101b   Thumb Code    24  dfltul.o(.text)
    __aeabi_d2f                              0x08001033   Thumb Code    56  d2f.o(.text)
    __decompress                             0x0800106b   Thumb Code     0  __dczerorl2.o(.text)
    __decompress1                            0x0800106b   Thumb Code    86  __dczerorl2.o(.text)
    AppInit                                  0x080010c1   Thumb Code    14  config.o(i.AppInit)
    BusFault_Handler                         0x080010d9   Thumb Code     2  stm32f1xx_it.o(i.BusFault_Handler)
    CRC16_2_modbus                           0x080010db   Thumb Code    44  crc.o(i.CRC16_2_modbus)
    DebugMon_Handler                         0x08001107   Thumb Code     2  stm32f1xx_it.o(i.DebugMon_Handler)
    EXTI9_5_IRQHandler                       0x08001109   Thumb Code     6  stm32f1xx_it.o(i.EXTI9_5_IRQHandler)
    Error_Handler                            0x0800110f   Thumb Code     4  main.o(i.Error_Handler)
    FLASH_PageErase                          0x08001139   Thumb Code    28  stm32f1xx_hal_flash_ex.o(i.FLASH_PageErase)
    FLASH_WaitForLastOperation               0x080011d5   Thumb Code    80  stm32f1xx_hal_flash.o(i.FLASH_WaitForLastOperation)
    HAL_DMA_Abort                            0x08001229   Thumb Code    70  stm32f1xx_hal_dma.o(i.HAL_DMA_Abort)
    HAL_DMA_Abort_IT                         0x08001271   Thumb Code   148  stm32f1xx_hal_dma.o(i.HAL_DMA_Abort_IT)
    HAL_FLASHEx_Erase                        0x08001309   Thumb Code   160  stm32f1xx_hal_flash_ex.o(i.HAL_FLASHEx_Erase)
    HAL_FLASH_Lock                           0x080013b1   Thumb Code    14  stm32f1xx_hal_flash.o(i.HAL_FLASH_Lock)
    HAL_FLASH_Program                        0x080013c5   Thumb Code   120  stm32f1xx_hal_flash.o(i.HAL_FLASH_Program)
    HAL_FLASH_Unlock                         0x08001445   Thumb Code    28  stm32f1xx_hal_flash.o(i.HAL_FLASH_Unlock)
    HAL_GPIO_EXTI_Callback                   0x0800146d   Thumb Code    86  infrared.o(i.HAL_GPIO_EXTI_Callback)
    HAL_GPIO_EXTI_IRQHandler                 0x080014cd   Thumb Code    18  stm32f1xx_hal_gpio.o(i.HAL_GPIO_EXTI_IRQHandler)
    HAL_GPIO_Init                            0x080014e5   Thumb Code   446  stm32f1xx_hal_gpio.o(i.HAL_GPIO_Init)
    HAL_GPIO_ReadPin                         0x080016c5   Thumb Code    10  stm32f1xx_hal_gpio.o(i.HAL_GPIO_ReadPin)
    HAL_GPIO_TogglePin                       0x080016cf   Thumb Code    16  stm32f1xx_hal_gpio.o(i.HAL_GPIO_TogglePin)
    HAL_GPIO_WritePin                        0x080016df   Thumb Code    10  stm32f1xx_hal_gpio.o(i.HAL_GPIO_WritePin)
    HAL_GetTick                              0x080016e9   Thumb Code     6  stm32f1xx_hal.o(i.HAL_GetTick)
    HAL_IWDG_Init                            0x080016f5   Thumb Code    90  stm32f1xx_hal_iwdg.o(i.HAL_IWDG_Init)
    HAL_IWDG_Refresh                         0x0800174f   Thumb Code    12  stm32f1xx_hal_iwdg.o(i.HAL_IWDG_Refresh)
    HAL_IncTick                              0x0800175d   Thumb Code    12  stm32f1xx_hal.o(i.HAL_IncTick)
    HAL_Init                                 0x0800176d   Thumb Code    32  stm32f1xx_hal.o(i.HAL_Init)
    HAL_InitTick                             0x08001791   Thumb Code    98  stm32f1xx_hal_timebase_tim.o(i.HAL_InitTick)
    HAL_MspInit                              0x08001805   Thumb Code    62  stm32f1xx_hal_msp.o(i.HAL_MspInit)
    HAL_NVIC_EnableIRQ                       0x0800184d   Thumb Code    26  stm32f1xx_hal_cortex.o(i.HAL_NVIC_EnableIRQ)
    HAL_NVIC_SetPriority                     0x08001869   Thumb Code    60  stm32f1xx_hal_cortex.o(i.HAL_NVIC_SetPriority)
    HAL_NVIC_SetPriorityGrouping             0x080018a9   Thumb Code    26  stm32f1xx_hal_cortex.o(i.HAL_NVIC_SetPriorityGrouping)
    HAL_RCC_ClockConfig                      0x080018cd   Thumb Code   280  stm32f1xx_hal_rcc.o(i.HAL_RCC_ClockConfig)
    HAL_RCC_GetClockConfig                   0x080019f9   Thumb Code    54  stm32f1xx_hal_rcc.o(i.HAL_RCC_GetClockConfig)
    HAL_RCC_GetPCLK1Freq                     0x08001a39   Thumb Code    20  stm32f1xx_hal_rcc.o(i.HAL_RCC_GetPCLK1Freq)
    HAL_RCC_GetPCLK2Freq                     0x08001a59   Thumb Code    20  stm32f1xx_hal_rcc.o(i.HAL_RCC_GetPCLK2Freq)
    HAL_RCC_GetSysClockFreq                  0x08001a79   Thumb Code    74  stm32f1xx_hal_rcc.o(i.HAL_RCC_GetSysClockFreq)
    HAL_RCC_OscConfig                        0x08001ae5   Thumb Code   778  stm32f1xx_hal_rcc.o(i.HAL_RCC_OscConfig)
    HAL_TIMEx_BreakCallback                  0x08001e05   Thumb Code     2  stm32f1xx_hal_tim_ex.o(i.HAL_TIMEx_BreakCallback)
    HAL_TIMEx_CommutCallback                 0x08001e07   Thumb Code     2  stm32f1xx_hal_tim_ex.o(i.HAL_TIMEx_CommutCallback)
    HAL_TIMEx_MasterConfigSynchronization    0x08001e09   Thumb Code    92  stm32f1xx_hal_tim_ex.o(i.HAL_TIMEx_MasterConfigSynchronization)
    HAL_TIM_Base_Init                        0x08001e71   Thumb Code    90  stm32f1xx_hal_tim.o(i.HAL_TIM_Base_Init)
    HAL_TIM_Base_MspInit                     0x08001ecd   Thumb Code    72  infrared.o(i.HAL_TIM_Base_MspInit)
    HAL_TIM_Base_Start_IT                    0x08001f1d   Thumb Code    76  stm32f1xx_hal_tim.o(i.HAL_TIM_Base_Start_IT)
    HAL_TIM_Base_Stop_IT                     0x08001f75   Thumb Code    48  stm32f1xx_hal_tim.o(i.HAL_TIM_Base_Stop_IT)
    HAL_TIM_ConfigClockSource                0x08001fa5   Thumb Code   214  stm32f1xx_hal_tim.o(i.HAL_TIM_ConfigClockSource)
    HAL_TIM_IC_CaptureCallback               0x0800207b   Thumb Code     2  stm32f1xx_hal_tim.o(i.HAL_TIM_IC_CaptureCallback)
    HAL_TIM_IRQHandler                       0x0800207d   Thumb Code   358  stm32f1xx_hal_tim.o(i.HAL_TIM_IRQHandler)
    HAL_TIM_MspPostInit                      0x080021e5   Thumb Code    62  infrared.o(i.HAL_TIM_MspPostInit)
    HAL_TIM_OC_DelayElapsedCallback          0x08002231   Thumb Code     2  stm32f1xx_hal_tim.o(i.HAL_TIM_OC_DelayElapsedCallback)
    HAL_TIM_PWM_ConfigChannel                0x08002233   Thumb Code   198  stm32f1xx_hal_tim.o(i.HAL_TIM_PWM_ConfigChannel)
    HAL_TIM_PWM_Init                         0x080022f9   Thumb Code    90  stm32f1xx_hal_tim.o(i.HAL_TIM_PWM_Init)
    HAL_TIM_PWM_MspInit                      0x08002353   Thumb Code     2  stm32f1xx_hal_tim.o(i.HAL_TIM_PWM_MspInit)
    HAL_TIM_PWM_PulseFinishedCallback        0x08002355   Thumb Code     2  stm32f1xx_hal_tim.o(i.HAL_TIM_PWM_PulseFinishedCallback)
    HAL_TIM_PWM_Start                        0x08002359   Thumb Code   144  stm32f1xx_hal_tim.o(i.HAL_TIM_PWM_Start)
    HAL_TIM_PeriodElapsedCallback            0x080023f5   Thumb Code    60  infrared.o(i.HAL_TIM_PeriodElapsedCallback)
    HAL_TIM_TriggerCallback                  0x08002439   Thumb Code     2  stm32f1xx_hal_tim.o(i.HAL_TIM_TriggerCallback)
    HAL_UARTEx_RxEventCallback               0x0800243b   Thumb Code     2  stm32f1xx_hal_uart.o(i.HAL_UARTEx_RxEventCallback)
    HAL_UART_AbortReceiveCpltCallback        0x0800243d   Thumb Code     2  stm32f1xx_hal_uart.o(i.HAL_UART_AbortReceiveCpltCallback)
    HAL_UART_AbortReceive_IT                 0x08002441   Thumb Code   106  stm32f1xx_hal_uart.o(i.HAL_UART_AbortReceive_IT)
    HAL_UART_ErrorCallback                   0x080024b1   Thumb Code     2  stm32f1xx_hal_uart.o(i.HAL_UART_ErrorCallback)
    HAL_UART_IRQHandler                      0x080024b5   Thumb Code   520  stm32f1xx_hal_uart.o(i.HAL_UART_IRQHandler)
    HAL_UART_Init                            0x080026c1   Thumb Code    98  stm32f1xx_hal_uart.o(i.HAL_UART_Init)
    HAL_UART_MspInit                         0x08002725   Thumb Code   282  stm32f1xx_hal_msp.o(i.HAL_UART_MspInit)
    HAL_UART_Receive_IT                      0x08002859   Thumb Code    42  stm32f1xx_hal_uart.o(i.HAL_UART_Receive_IT)
    HAL_UART_RxCpltCallback                  0x08002883   Thumb Code     2  stm32f1xx_hal_uart.o(i.HAL_UART_RxCpltCallback)
    HAL_UART_Transmit                        0x08002885   Thumb Code   178  stm32f1xx_hal_uart.o(i.HAL_UART_Transmit)
    HAL_UART_Transmit_IT                     0x08002937   Thumb Code    62  stm32f1xx_hal_uart.o(i.HAL_UART_Transmit_IT)
    HAL_UART_TxCpltCallback                  0x08002975   Thumb Code     2  stm32f1xx_hal_uart.o(i.HAL_UART_TxCpltCallback)
    HardFault_Handler                        0x08002977   Thumb Code     2  stm32f1xx_it.o(i.HardFault_Handler)
    IR_Recv_Callback                         0x08002979   Thumb Code   248  relay.o(i.IR_Recv_Callback)
    IrRecv_Start                             0x08002a7d   Thumb Code    28  infrared.o(i.IrRecv_Start)
    IrSend_Start                             0x08002aa1   Thumb Code   192  infrared.o(i.IrSend_Start)
    Ir_Init                                  0x08002b6d   Thumb Code    36  infrared.o(i.Ir_Init)
    MGPIO_Init                               0x08002b99   Thumb Code   146  infrared.o(i.MGPIO_Init)
    MX_TIM2_Init                             0x08002ce9   Thumb Code    98  infrared.o(i.MX_TIM2_Init)
    MX_TIM3_Init                             0x08002d51   Thumb Code   154  infrared.o(i.MX_TIM3_Init)
    MemManage_Handler                        0x08002ee5   Thumb Code     2  stm32f1xx_it.o(i.MemManage_Handler)
    NMI_Handler                              0x08002ee7   Thumb Code     2  stm32f1xx_it.o(i.NMI_Handler)
    SysTick_Handler                          0x08002ee9   Thumb Code    38  port.o(i.SysTick_Handler)
    SystemClock_Config                       0x08002f15   Thumb Code    94  main.o(i.SystemClock_Config)
    SystemInit                               0x08002f73   Thumb Code     2  system_stm32f1xx.o(i.SystemInit)
    TIM1_UP_IRQHandler                       0x08002f75   Thumb Code     6  stm32f1xx_it.o(i.TIM1_UP_IRQHandler)
    TIM2_IRQHandler                          0x08002f81   Thumb Code     6  stm32f1xx_it.o(i.TIM2_IRQHandler)
    TIM_Base_SetConfig                       0x08002f8d   Thumb Code    94  stm32f1xx_hal_tim.o(i.TIM_Base_SetConfig)
    TIM_CCxChannelCmd                        0x08002ff9   Thumb Code    26  stm32f1xx_hal_tim.o(i.TIM_CCxChannelCmd)
    TIM_ETR_SetConfig                        0x08003013   Thumb Code    20  stm32f1xx_hal_tim.o(i.TIM_ETR_SetConfig)
    TIM_OC2_SetConfig                        0x08003089   Thumb Code    84  stm32f1xx_hal_tim.o(i.TIM_OC2_SetConfig)
    UART_Start_Receive_IT                    0x08003389   Thumb Code    54  stm32f1xx_hal_uart.o(i.UART_Start_Receive_IT)
    USART1_IRQHandler                        0x08003425   Thumb Code    16  stm32f1xx_it.o(i.USART1_IRQHandler)
    USART2_IRQHandler                        0x08003439   Thumb Code    16  stm32f1xx_it.o(i.USART2_IRQHandler)
    USART3_IRQHandler                        0x0800344d   Thumb Code    16  stm32f1xx_it.o(i.USART3_IRQHandler)
    UsageFault_Handler                       0x08003461   Thumb Code     2  stm32f1xx_it.o(i.UsageFault_Handler)
    __0printf                                0x08003465   Thumb Code    22  printfa.o(i.__0printf)
    __1printf                                0x08003465   Thumb Code     0  printfa.o(i.__0printf)
    __2printf                                0x08003465   Thumb Code     0  printfa.o(i.__0printf)
    __c89printf                              0x08003465   Thumb Code     0  printfa.o(i.__0printf)
    printf                                   0x08003465   Thumb Code     0  printfa.o(i.__0printf)
    __0sprintf                               0x08003485   Thumb Code    34  printfa.o(i.__0sprintf)
    __1sprintf                               0x08003485   Thumb Code     0  printfa.o(i.__0sprintf)
    __2sprintf                               0x08003485   Thumb Code     0  printfa.o(i.__0sprintf)
    __c89sprintf                             0x08003485   Thumb Code     0  printfa.o(i.__0sprintf)
    sprintf                                  0x08003485   Thumb Code     0  printfa.o(i.__0sprintf)
    __aeabi_errno_addr                       0x080034cd   Thumb Code     4  errno.o(i.__aeabi_errno_addr)
    __rt_errno_addr                          0x080034cd   Thumb Code     0  errno.o(i.__aeabi_errno_addr)
    __read_errno                             0x080034d5   Thumb Code     6  errno.o(i.__read_errno)
    __scatterload_copy                       0x080034e1   Thumb Code    14  handlers.o(i.__scatterload_copy)
    __scatterload_null                       0x080034ef   Thumb Code     2  handlers.o(i.__scatterload_null)
    __scatterload_zeroinit                   0x080034f1   Thumb Code    14  handlers.o(i.__scatterload_zeroinit)
    __set_errno                              0x08003501   Thumb Code     6  errno.o(i.__set_errno)
    _is_digit                                0x08003671   Thumb Code    14  scanf_fp.o(i._is_digit)
    atof                                     0x08003db9   Thumb Code    42  atof.o(i.atof)
    deal_lcd_show                            0x08003de5   Thumb Code  3024  modbus.o(i.deal_lcd_show)
    deal_relay_run                           0x080049cd   Thumb Code   158  relay.o(i.deal_relay_run)
    delay_init                               0x08004a7d   Thumb Code    18  delay.o(i.delay_init)
    delay_us                                 0x08004a99   Thumb Code    48  delay.o(i.delay_us)
    esp826601_net_work_task                  0x08004ad1   Thumb Code   590  main.o(i.esp826601_net_work_task)
    esp826601_wifi_connect                   0x08004df5   Thumb Code   286  wifi.o(i.esp826601_wifi_connect)
    esp826607_net_work_task                  0x08004f99   Thumb Code   680  main.o(i.esp826607_net_work_task)
    esp826607wifi_connect                    0x08005301   Thumb Code   420  wifi.o(i.esp826607wifi_connect)
    flash__read                              0x08005575   Thumb Code    28  flash.o(i.flash__read)
    flash__write                             0x08005599   Thumb Code    84  flash.o(i.flash__write)
    flash_read                               0x080055f5   Thumb Code    28  flash.o(i.flash_read)
    flash_write                              0x08005619   Thumb Code    84  flash.o(i.flash_write)
    fputc                                    0x08005675   Thumb Code    20  main.o(i.fputc)
    free                                     0x0800568d   Thumb Code    76  malloc.o(i.free)
    huart1_recive_idel_reback                0x080056dd   Thumb Code   286  main.o(i.huart1_recive_idel_reback)
    huart2_recive_idel_reback                0x08005809   Thumb Code   256  main.o(i.huart2_recive_idel_reback)
    huart3_recive_idel_reback                0x08005985   Thumb Code   592  main.o(i.huart3_recive_idel_reback)
    lcd_task                                 0x08005be9   Thumb Code   422  main.o(i.lcd_task)
    learn_air_cmd                            0x08005da9   Thumb Code     6  relay.o(i.learn_air_cmd)
    main                                     0x08005db5   Thumb Code   206  main.o(i.main)
    malloc                                   0x08005ea9   Thumb Code    92  malloc.o(i.malloc)
    pc_deal_task                             0x08005f15   Thumb Code   456  main.o(i.pc_deal_task)
    pvPortMalloc                             0x0800642d   Thumb Code   210  heap_4.o(i.pvPortMalloc)
    pxPortInitialiseStack                    0x08006505   Thumb Code    32  port.o(i.pxPortInitialiseStack)
    readFlashTest                            0x08006529   Thumb Code    50  flash.o(i.readFlashTest)
    read_hex_data                            0x0800656d   Thumb Code   154  modbus.o(i.read_hex_data)
    read_local_time                          0x08006619   Thumb Code   194  modbus.o(i.read_local_time)
    read_temp_humi                           0x080066ed   Thumb Code   186  get_temp.o(i.read_temp_humi)
    read_txt_data                            0x080067b9   Thumb Code   192  modbus.o(i.read_txt_data)
    relay_init                               0x08006885   Thumb Code   250  relay.o(i.relay_init)
    relay_task                               0x0800698d   Thumb Code    38  main.o(i.relay_task)
    run_deal_task                            0x080069bd   Thumb Code  1216  main.o(i.run_deal_task)
    secs_to_time                             0x08006e81   Thumb Code    48  modbus.o(i.secs_to_time)
    sendCommand                              0x08006ec1   Thumb Code   108  wifi.o(i.sendCommand)
    send_air_cmd                             0x08006f31   Thumb Code   104  relay.o(i.send_air_cmd)
    set_default_parameters                   0x08006fa1   Thumb Code    88  modbus.o(i.set_default_parameters)
    start_task                               0x08007009   Thumb Code   160  main.o(i.start_task)
    swap_16                                  0x08007125   Thumb Code     4  get_temp.o(i.swap_16)
    swap_32                                  0x08007129   Thumb Code     4  get_temp.o(i.swap_32)
    temp_humi_task                           0x0800712d   Thumb Code   506  main.o(i.temp_humi_task)
    time_to_secs                             0x08007341   Thumb Code    66  modbus.o(i.time_to_secs)
    uxListRemove                             0x08007401   Thumb Code    38  list.o(i.uxListRemove)
    vListInitialise                          0x08007427   Thumb Code    22  list.o(i.vListInitialise)
    vListInitialiseItem                      0x0800743d   Thumb Code     6  list.o(i.vListInitialiseItem)
    vListInsert                              0x08007443   Thumb Code    48  list.o(i.vListInsert)
    vListInsertEnd                           0x08007473   Thumb Code    24  list.o(i.vListInsertEnd)
    vPortEnterCritical                       0x0800748d   Thumb Code    54  port.o(i.vPortEnterCritical)
    vPortExitCritical                        0x080074cd   Thumb Code    34  port.o(i.vPortExitCritical)
    vPortFree                                0x080074f5   Thumb Code    88  heap_4.o(i.vPortFree)
    vPortSetupTimerInterrupt                 0x08007551   Thumb Code    32  port.o(i.vPortSetupTimerInterrupt)
    vTaskDelay                               0x08007575   Thumb Code    66  tasks.o(i.vTaskDelay)
    vTaskDelete                              0x080075c1   Thumb Code   156  tasks.o(i.vTaskDelete)
    vTaskStartScheduler                      0x0800766d   Thumb Code    86  tasks.o(i.vTaskStartScheduler)
    vTaskSuspendAll                          0x080076d5   Thumb Code    10  tasks.o(i.vTaskSuspendAll)
    vTaskSwitchContext                       0x080076e5   Thumb Code    82  tasks.o(i.vTaskSwitchContext)
    writeFlashTest                           0x08007741   Thumb Code   108  flash.o(i.writeFlashTest)
    write_hex_data                           0x080077b9   Thumb Code    60  modbus.o(i.write_hex_data)
    write_id_data                            0x080077f9   Thumb Code    96  modbus.o(i.write_id_data)
    write_id_data1                           0x08007885   Thumb Code   100  modbus.o(i.write_id_data1)
    write_txt_data                           0x0800790d   Thumb Code   102  modbus.o(i.write_txt_data)
    xPortGetFreeHeapSize                     0x0800797d   Thumb Code     6  heap_4.o(i.xPortGetFreeHeapSize)
    xPortStartScheduler                      0x08007989   Thumb Code   154  port.o(i.xPortStartScheduler)
    xTaskCreate                              0x08007a31   Thumb Code    86  tasks.o(i.xTaskCreate)
    xTaskIncrementTick                       0x08007a89   Thumb Code   192  tasks.o(i.xTaskIncrementTick)
    xTaskResumeAll                           0x08007b51   Thumb Code   182  tasks.o(i.xTaskResumeAll)
    AHBPrescTable                            0x08007c14   Data          16  system_stm32f1xx.o(.constdata)
    APBPrescTable                            0x08007c24   Data           8  system_stm32f1xx.o(.constdata)
    __ctype_table                            0x08007ce9   Data         129  ctype_o.o(.constdata)
    Region$$Table$$Base                      0x08007d98   Number         0  anon$$obj.o(Region$$Table)
    Region$$Table$$Limit                     0x08007db8   Number         0  anon$$obj.o(Region$$Table)
    network_pc_count                         0x20000000   Data           1  main.o(.data)
    get_tamp                                 0x20000018   Data           4  main.o(.data)
    StartTask_Handler                        0x2000001c   Data           4  main.o(.data)
    NET_WORK_Task_Handler                    0x20000020   Data           4  main.o(.data)
    NET_WORK_Task_Handler1                   0x20000024   Data           4  main.o(.data)
    LCD_Task_Handler                         0x20000028   Data           4  main.o(.data)
    RELAY_Task_Handler                       0x2000002c   Data           4  main.o(.data)
    TEMP_HUMI_Task_Handler                   0x20000030   Data           4  main.o(.data)
    RUN_DEAL_Task_Handler                    0x20000034   Data           4  main.o(.data)
    PC_DEAL_Task_Handler                     0x20000038   Data           4  main.o(.data)
    now_time_stamp                           0x20000042   Data           8  main.o(.data)
    table_update_trig                        0x2000004a   Data          31  main.o(.data)
    __485_send_cmd                           0x20000069   Data          25  main.o(.data)
    work_way_status                          0x20000082   Data          27  main.o(.data)
    uwTickFreq                               0x200000a0   Data           1  stm32f1xx_hal.o(.data)
    uwTickPrio                               0x200000a4   Data           4  stm32f1xx_hal.o(.data)
    uwTick                                   0x200000a8   Data           4  stm32f1xx_hal.o(.data)
    SystemCoreClock                          0x200000ac   Data           4  system_stm32f1xx.o(.data)
    pxCurrentTCB                             0x200000b0   Data           4  tasks.o(.data)
    air_learn_status                         0x20000121   Data           3  relay.o(.data)
    air_learn_ok_status                      0x20000124   Data           3  relay.o(.data)
    mcu_control_data                         0x2000012c   Data           5  relay.o(.data)
    breath_show                              0x2000014e   Data          64  modbus.o(.data)
    sensitive_show                           0x2000018e   Data          24  modbus.o(.data)
    light_show                               0x200001a6   Data          24  modbus.o(.data)
    sterilize_show                           0x200001be   Data          32  modbus.o(.data)
    sensor_show                              0x200001de   Data          80  modbus.o(.data)
    MQTTCONN                                 0x20000230   Data           4  wifi.o(.data)
    infraDetect                              0x20000240   Data          12  config.o(.data)
    __stdout                                 0x2000025c   Data           4  stdout.o(.data)
    __microlib_freelist                      0x20000260   Data           4  mvars.o(.data)
    __microlib_freelist_initialised          0x20000264   Data           4  mvars.o(.data)
    all_table_data                           0x2000026c   Data         165  main.o(.bss)
    to_app                                   0x20000311   Data          94  main.o(.bss)
    download_update_table                    0x2000036f   Data         165  main.o(.bss)
    huart1                                   0x200007e8   Data          68  main.o(.bss)
    huart2                                   0x2000082c   Data          68  main.o(.bss)
    huart3                                   0x20000870   Data          68  main.o(.bss)
    hiwdg                                    0x200008b4   Data          12  main.o(.bss)
    air_save_code                            0x200008c0   Data         808  main.o(.bss)
    flash_store                              0x20000be8   Data         589  main.o(.bss)
    net_time                                 0x20000e35   Data          11  main.o(.bss)
    usart1_rcv                               0x20000e40   Data        1004  main.o(.bss)
    usart2_rcv                               0x2000122c   Data         303  main.o(.bss)
    usart3_rcv                               0x2000135b   Data         303  main.o(.bss)
    htim1                                    0x200014d0   Data          72  stm32f1xx_hal_timebase_tim.o(.bss)
    pFlash                                   0x20001518   Data          32  stm32f1xx_hal_flash.o(.bss)
    save_data                                0x200036c8   Data         802  relay.o(.bss)
    wifi_cfg                                 0x20003b39   Data         562  wifi.o(.bss)
    htim2                                    0x200043c0   Data          72  infrared.o(.bss)
    htim3                                    0x20004408   Data          72  infrared.o(.bss)
    __heap_base                              0x20004450   Data           0  startup_stm32f103xb.o(HEAP)
    __heap_limit                             0x20004650   Data           0  startup_stm32f103xb.o(HEAP)
    __initial_sp                             0x20004a50   Data           0  startup_stm32f103xb.o(STACK)



==============================================================================

Memory Map of the image

  Image Entry point : 0x080000ed

  Load Region LR_IROM1 (Base: 0x08000000, Size: 0x00008024, Max: 0x00010000, ABSOLUTE, COMPRESSED[0x00007eb4])

    Execution Region ER_IROM1 (Base: 0x08000000, Size: 0x00007db8, Max: 0x00010000, ABSOLUTE)

    Base Addr    Size         Type   Attr      Idx    E Section Name        Object

    0x08000000   0x000000ec   Data   RO            3    RESET               startup_stm32f103xb.o
    0x080000ec   0x00000000   Code   RO         4758  * .ARM.Collect$$$$00000000  mc_w.l(entry.o)
    0x080000ec   0x00000004   Code   RO         5101    .ARM.Collect$$$$00000001  mc_w.l(entry2.o)
    0x080000f0   0x00000004   Code   RO         5104    .ARM.Collect$$$$00000004  mc_w.l(entry5.o)
    0x080000f4   0x00000000   Code   RO         5106    .ARM.Collect$$$$00000008  mc_w.l(entry7b.o)
    0x080000f4   0x00000000   Code   RO         5108    .ARM.Collect$$$$0000000A  mc_w.l(entry8b.o)
    0x080000f4   0x00000008   Code   RO         5109    .ARM.Collect$$$$0000000B  mc_w.l(entry9a.o)
    0x080000fc   0x00000000   Code   RO         5111    .ARM.Collect$$$$0000000D  mc_w.l(entry10a.o)
    0x080000fc   0x00000000   Code   RO         5113    .ARM.Collect$$$$0000000F  mc_w.l(entry11a.o)
    0x080000fc   0x00000004   Code   RO         5102    .ARM.Collect$$$$00002712  mc_w.l(entry2.o)
    0x08000100   0x00000096   Code   RO         4060    .emb_text           port.o
    0x08000196   0x00000002   PAD
    0x08000198   0x00000024   Code   RO            4    .text               startup_stm32f103xb.o
    0x080001bc   0x00000020   Code   RO         4761    .text               mc_w.l(llushr.o)
    0x080001dc   0x000000a8   Code   RO         4767    .text               mc_w.l(mktime.o)
    0x08000284   0x00000024   Code   RO         4776    .text               mc_w.l(memcpya.o)
    0x080002a8   0x00000024   Code   RO         4780    .text               mc_w.l(memseta.o)
    0x080002cc   0x00000018   Code   RO         4782    .text               mc_w.l(strcat.o)
    0x080002e4   0x00000024   Code   RO         4784    .text               mc_w.l(strstr.o)
    0x08000308   0x0000000e   Code   RO         4786    .text               mc_w.l(strlen.o)
    0x08000316   0x0000001c   Code   RO         4788    .text               mc_w.l(strcmp.o)
    0x08000332   0x0000001a   Code   RO         4790    .text               mc_w.l(memcmp.o)
    0x0800034c   0x00000012   Code   RO         4792    .text               mc_w.l(strcpy.o)
    0x0800035e   0x0000001a   Code   RO         5085    .text               mc_w.l(atoi.o)
    0x08000378   0x0000007c   Code   RO         5087    .text               mf_w.l(fdiv.o)
    0x080003f4   0x000000e4   Code   RO         5089    .text               mf_w.l(dmul.o)
    0x080004d8   0x00000012   Code   RO         5091    .text               mf_w.l(fflti.o)
    0x080004ea   0x0000000a   Code   RO         5093    .text               mf_w.l(ffltui.o)
    0x080004f4   0x0000003e   Code   RO         5095    .text               mf_w.l(dfixi.o)
    0x08000532   0x00000032   Code   RO         5097    .text               mf_w.l(dfixui.o)
    0x08000564   0x00000026   Code   RO         5099    .text               mf_w.l(f2d.o)
    0x0800058a   0x0000002c   Code   RO         5116    .text               mc_w.l(uidiv.o)
    0x080005b6   0x00000062   Code   RO         5118    .text               mc_w.l(uldiv.o)
    0x08000618   0x0000008c   Code   RO         5123    .text               mc_w.l(localtime_i.o)
    0x080006a4   0x0000009c   Code   RO         5135    .text               mc_w.l(strtod.o)
    0x08000740   0x00000070   Code   RO         5137    .text               mc_w.l(strtol.o)
    0x080007b0   0x00000000   Code   RO         5139    .text               mc_w.l(iusefp.o)
    0x080007b0   0x0000006e   Code   RO         5140    .text               mf_w.l(fepilogue.o)
    0x0800081e   0x000000ba   Code   RO         5142    .text               mf_w.l(depilogue.o)
    0x080008d8   0x0000014e   Code   RO         5144    .text               mf_w.l(dadd.o)
    0x08000a26   0x000000de   Code   RO         5146    .text               mf_w.l(ddiv.o)
    0x08000b04   0x00000030   Code   RO         5148    .text               mf_w.l(dfixul.o)
    0x08000b34   0x00000030   Code   RO         5150    .text               mf_w.l(cdrcmple.o)
    0x08000b64   0x00000024   Code   RO         5152    .text               mc_w.l(init.o)
    0x08000b88   0x0000001e   Code   RO         5154    .text               mc_w.l(llshl.o)
    0x08000ba6   0x00000024   Code   RO         5156    .text               mc_w.l(llsshr.o)
    0x08000bca   0x00000002   PAD
    0x08000bcc   0x00000008   Code   RO         5160    .text               mc_w.l(ctype_o.o)
    0x08000bd4   0x00000012   Code   RO         5182    .text               mc_w.l(isspace_o.o)
    0x08000be6   0x00000002   PAD
    0x08000be8   0x00000338   Code   RO         5188    .text               mc_w.l(scanf_fp.o)
    0x08000f20   0x00000040   Code   RO         5192    .text               mc_w.l(_sgetc.o)
    0x08000f60   0x0000009e   Code   RO         5194    .text               mc_w.l(_strtoul.o)
    0x08000ffe   0x0000001c   Code   RO         5199    .text               mc_w.l(_chval.o)
    0x0800101a   0x00000018   Code   RO         5201    .text               mf_w.l(dfltul.o)
    0x08001032   0x00000038   Code   RO         5203    .text               mf_w.l(d2f.o)
    0x0800106a   0x00000056   Code   RO         5213    .text               mc_w.l(__dczerorl2.o)
    0x080010c0   0x00000018   Code   RO         4621    i.AppInit           config.o
    0x080010d8   0x00000002   Code   RO          365    i.BusFault_Handler  stm32f1xx_it.o
    0x080010da   0x0000002c   Code   RO         4313    i.CRC16_2_modbus    crc.o
    0x08001106   0x00000002   Code   RO          366    i.DebugMon_Handler  stm32f1xx_it.o
    0x08001108   0x00000006   Code   RO          367    i.EXTI9_5_IRQHandler  stm32f1xx_it.o
    0x0800110e   0x00000004   Code   RO           13    i.Error_Handler     main.o
    0x08001112   0x00000002   PAD
    0x08001114   0x00000024   Code   RO         1168    i.FLASH_MassErase   stm32f1xx_hal_flash_ex.o
    0x08001138   0x00000024   Code   RO         1173    i.FLASH_PageErase   stm32f1xx_hal_flash_ex.o
    0x0800115c   0x0000001c   Code   RO         1065    i.FLASH_Program_HalfWord  stm32f1xx_hal_flash.o
    0x08001178   0x0000005c   Code   RO         1066    i.FLASH_SetErrorCode  stm32f1xx_hal_flash.o
    0x080011d4   0x00000054   Code   RO         1067    i.FLASH_WaitForLastOperation  stm32f1xx_hal_flash.o
    0x08001228   0x00000046   Code   RO         2781    i.HAL_DMA_Abort     stm32f1xx_hal_dma.o
    0x0800126e   0x00000002   PAD
    0x08001270   0x00000098   Code   RO         2782    i.HAL_DMA_Abort_IT  stm32f1xx_hal_dma.o
    0x08001308   0x000000a8   Code   RO         1174    i.HAL_FLASHEx_Erase  stm32f1xx_hal_flash_ex.o
    0x080013b0   0x00000014   Code   RO         1071    i.HAL_FLASH_Lock    stm32f1xx_hal_flash.o
    0x080013c4   0x00000080   Code   RO         1076    i.HAL_FLASH_Program  stm32f1xx_hal_flash.o
    0x08001444   0x00000028   Code   RO         1078    i.HAL_FLASH_Unlock  stm32f1xx_hal_flash.o
    0x0800146c   0x00000060   Code   RO         4661    i.HAL_GPIO_EXTI_Callback  infrared.o
    0x080014cc   0x00000018   Code   RO          884    i.HAL_GPIO_EXTI_IRQHandler  stm32f1xx_hal_gpio.o
    0x080014e4   0x000001e0   Code   RO          885    i.HAL_GPIO_Init     stm32f1xx_hal_gpio.o
    0x080016c4   0x0000000a   Code   RO          887    i.HAL_GPIO_ReadPin  stm32f1xx_hal_gpio.o
    0x080016ce   0x00000010   Code   RO          888    i.HAL_GPIO_TogglePin  stm32f1xx_hal_gpio.o
    0x080016de   0x0000000a   Code   RO          889    i.HAL_GPIO_WritePin  stm32f1xx_hal_gpio.o
    0x080016e8   0x0000000c   Code   RO          581    i.HAL_GetTick       stm32f1xx_hal.o
    0x080016f4   0x0000005a   Code   RO         2875    i.HAL_IWDG_Init     stm32f1xx_hal_iwdg.o
    0x0800174e   0x0000000c   Code   RO         2876    i.HAL_IWDG_Refresh  stm32f1xx_hal_iwdg.o
    0x0800175a   0x00000002   PAD
    0x0800175c   0x00000010   Code   RO          587    i.HAL_IncTick       stm32f1xx_hal.o
    0x0800176c   0x00000024   Code   RO          588    i.HAL_Init          stm32f1xx_hal.o
    0x08001790   0x00000074   Code   RO          495    i.HAL_InitTick      stm32f1xx_hal_timebase_tim.o
    0x08001804   0x00000048   Code   RO          459    i.HAL_MspInit       stm32f1xx_hal_msp.o
    0x0800184c   0x0000001a   Code   RO          950    i.HAL_NVIC_EnableIRQ  stm32f1xx_hal_cortex.o
    0x08001866   0x00000002   PAD
    0x08001868   0x00000040   Code   RO          956    i.HAL_NVIC_SetPriority  stm32f1xx_hal_cortex.o
    0x080018a8   0x00000024   Code   RO          957    i.HAL_NVIC_SetPriorityGrouping  stm32f1xx_hal_cortex.o
    0x080018cc   0x0000012c   Code   RO          745    i.HAL_RCC_ClockConfig  stm32f1xx_hal_rcc.o
    0x080019f8   0x00000040   Code   RO          749    i.HAL_RCC_GetClockConfig  stm32f1xx_hal_rcc.o
    0x08001a38   0x00000020   Code   RO          752    i.HAL_RCC_GetPCLK1Freq  stm32f1xx_hal_rcc.o
    0x08001a58   0x00000020   Code   RO          753    i.HAL_RCC_GetPCLK2Freq  stm32f1xx_hal_rcc.o
    0x08001a78   0x0000006c   Code   RO          754    i.HAL_RCC_GetSysClockFreq  stm32f1xx_hal_rcc.o
    0x08001ae4   0x00000320   Code   RO          757    i.HAL_RCC_OscConfig  stm32f1xx_hal_rcc.o
    0x08001e04   0x00000002   Code   RO         2031    i.HAL_TIMEx_BreakCallback  stm32f1xx_hal_tim_ex.o
    0x08001e06   0x00000002   Code   RO         2032    i.HAL_TIMEx_CommutCallback  stm32f1xx_hal_tim_ex.o
    0x08001e08   0x00000068   Code   RO         2050    i.HAL_TIMEx_MasterConfigSynchronization  stm32f1xx_hal_tim_ex.o
    0x08001e70   0x0000005a   Code   RO         1327    i.HAL_TIM_Base_Init  stm32f1xx_hal_tim.o
    0x08001eca   0x00000002   PAD
    0x08001ecc   0x00000050   Code   RO         4663    i.HAL_TIM_Base_MspInit  infrared.o
    0x08001f1c   0x00000058   Code   RO         1332    i.HAL_TIM_Base_Start_IT  stm32f1xx_hal_tim.o
    0x08001f74   0x00000030   Code   RO         1335    i.HAL_TIM_Base_Stop_IT  stm32f1xx_hal_tim.o
    0x08001fa4   0x000000d6   Code   RO         1336    i.HAL_TIM_ConfigClockSource  stm32f1xx_hal_tim.o
    0x0800207a   0x00000002   Code   RO         1361    i.HAL_TIM_IC_CaptureCallback  stm32f1xx_hal_tim.o
    0x0800207c   0x00000166   Code   RO         1375    i.HAL_TIM_IRQHandler  stm32f1xx_hal_tim.o
    0x080021e2   0x00000002   PAD
    0x080021e4   0x0000004c   Code   RO         4664    i.HAL_TIM_MspPostInit  infrared.o
    0x08002230   0x00000002   Code   RO         1378    i.HAL_TIM_OC_DelayElapsedCallback  stm32f1xx_hal_tim.o
    0x08002232   0x000000c6   Code   RO         1399    i.HAL_TIM_PWM_ConfigChannel  stm32f1xx_hal_tim.o
    0x080022f8   0x0000005a   Code   RO         1402    i.HAL_TIM_PWM_Init  stm32f1xx_hal_tim.o
    0x08002352   0x00000002   Code   RO         1404    i.HAL_TIM_PWM_MspInit  stm32f1xx_hal_tim.o
    0x08002354   0x00000002   Code   RO         1405    i.HAL_TIM_PWM_PulseFinishedCallback  stm32f1xx_hal_tim.o
    0x08002356   0x00000002   PAD
    0x08002358   0x0000009c   Code   RO         1407    i.HAL_TIM_PWM_Start  stm32f1xx_hal_tim.o
    0x080023f4   0x00000044   Code   RO         4665    i.HAL_TIM_PeriodElapsedCallback  infrared.o
    0x08002438   0x00000002   Code   RO         1418    i.HAL_TIM_TriggerCallback  stm32f1xx_hal_tim.o
    0x0800243a   0x00000002   Code   RO         2309    i.HAL_UARTEx_RxEventCallback  stm32f1xx_hal_uart.o
    0x0800243c   0x00000002   Code   RO         2313    i.HAL_UART_AbortReceiveCpltCallback  stm32f1xx_hal_uart.o
    0x0800243e   0x00000002   PAD
    0x08002440   0x00000070   Code   RO         2314    i.HAL_UART_AbortReceive_IT  stm32f1xx_hal_uart.o
    0x080024b0   0x00000002   Code   RO         2323    i.HAL_UART_ErrorCallback  stm32f1xx_hal_uart.o
    0x080024b2   0x00000002   PAD
    0x080024b4   0x0000020c   Code   RO         2326    i.HAL_UART_IRQHandler  stm32f1xx_hal_uart.o
    0x080026c0   0x00000062   Code   RO         2327    i.HAL_UART_Init     stm32f1xx_hal_uart.o
    0x08002722   0x00000002   PAD
    0x08002724   0x00000134   Code   RO          461    i.HAL_UART_MspInit  stm32f1xx_hal_msp.o
    0x08002858   0x0000002a   Code   RO         2332    i.HAL_UART_Receive_IT  stm32f1xx_hal_uart.o
    0x08002882   0x00000002   Code   RO         2333    i.HAL_UART_RxCpltCallback  stm32f1xx_hal_uart.o
    0x08002884   0x000000b2   Code   RO         2335    i.HAL_UART_Transmit  stm32f1xx_hal_uart.o
    0x08002936   0x0000003e   Code   RO         2337    i.HAL_UART_Transmit_IT  stm32f1xx_hal_uart.o
    0x08002974   0x00000002   Code   RO         2338    i.HAL_UART_TxCpltCallback  stm32f1xx_hal_uart.o
    0x08002976   0x00000002   Code   RO          368    i.HardFault_Handler  stm32f1xx_it.o
    0x08002978   0x00000104   Code   RO         4238    i.IR_Recv_Callback  relay.o
    0x08002a7c   0x00000024   Code   RO         4666    i.IrRecv_Start      infrared.o
    0x08002aa0   0x000000cc   Code   RO         4667    i.IrSend_Start      infrared.o
    0x08002b6c   0x0000002c   Code   RO         4668    i.Ir_Init           infrared.o
    0x08002b98   0x000000a0   Code   RO         4669    i.MGPIO_Init        infrared.o
    0x08002c38   0x000000b0   Code   RO           14    i.MX_GPIO_Init      main.o
    0x08002ce8   0x00000068   Code   RO         4670    i.MX_TIM2_Init      infrared.o
    0x08002d50   0x000000a4   Code   RO         4671    i.MX_TIM3_Init      infrared.o
    0x08002df4   0x00000050   Code   RO           15    i.MX_USART1_UART_Init  main.o
    0x08002e44   0x00000050   Code   RO           16    i.MX_USART2_UART_Init  main.o
    0x08002e94   0x00000050   Code   RO           17    i.MX_USART3_UART_Init  main.o
    0x08002ee4   0x00000002   Code   RO          369    i.MemManage_Handler  stm32f1xx_it.o
    0x08002ee6   0x00000002   Code   RO          370    i.NMI_Handler       stm32f1xx_it.o
    0x08002ee8   0x0000002c   Code   RO         4061    i.SysTick_Handler   port.o
    0x08002f14   0x0000005e   Code   RO           19    i.SystemClock_Config  main.o
    0x08002f72   0x00000002   Code   RO         2906    i.SystemInit        system_stm32f1xx.o
    0x08002f74   0x0000000c   Code   RO          371    i.TIM1_UP_IRQHandler  stm32f1xx_it.o
    0x08002f80   0x0000000c   Code   RO          372    i.TIM2_IRQHandler   stm32f1xx_it.o
    0x08002f8c   0x0000006c   Code   RO         1420    i.TIM_Base_SetConfig  stm32f1xx_hal_tim.o
    0x08002ff8   0x0000001a   Code   RO         1421    i.TIM_CCxChannelCmd  stm32f1xx_hal_tim.o
    0x08003012   0x00000014   Code   RO         1431    i.TIM_ETR_SetConfig  stm32f1xx_hal_tim.o
    0x08003026   0x00000010   Code   RO         1432    i.TIM_ITRx_SetConfig  stm32f1xx_hal_tim.o
    0x08003036   0x00000002   PAD
    0x08003038   0x00000050   Code   RO         1433    i.TIM_OC1_SetConfig  stm32f1xx_hal_tim.o
    0x08003088   0x00000058   Code   RO         1434    i.TIM_OC2_SetConfig  stm32f1xx_hal_tim.o
    0x080030e0   0x00000058   Code   RO         1435    i.TIM_OC3_SetConfig  stm32f1xx_hal_tim.o
    0x08003138   0x00000044   Code   RO         1436    i.TIM_OC4_SetConfig  stm32f1xx_hal_tim.o
    0x0800317c   0x00000022   Code   RO         1438    i.TIM_TI1_ConfigInputStage  stm32f1xx_hal_tim.o
    0x0800319e   0x00000024   Code   RO         1440    i.TIM_TI2_ConfigInputStage  stm32f1xx_hal_tim.o
    0x080031c2   0x00000010   Code   RO         2340    i.UART_DMAAbortOnError  stm32f1xx_hal_uart.o
    0x080031d2   0x00000016   Code   RO         2345    i.UART_DMARxOnlyAbortCallback  stm32f1xx_hal_uart.o
    0x080031e8   0x00000030   Code   RO         2350    i.UART_EndRxTransfer  stm32f1xx_hal_uart.o
    0x08003218   0x000000b6   Code   RO         2352    i.UART_Receive_IT   stm32f1xx_hal_uart.o
    0x080032ce   0x00000002   PAD
    0x080032d0   0x000000b8   Code   RO         2353    i.UART_SetConfig    stm32f1xx_hal_uart.o
    0x08003388   0x00000036   Code   RO         2355    i.UART_Start_Receive_IT  stm32f1xx_hal_uart.o
    0x080033be   0x00000064   Code   RO         2356    i.UART_WaitOnFlagUntilTimeout  stm32f1xx_hal_uart.o
    0x08003422   0x00000002   PAD
    0x08003424   0x00000014   Code   RO          373    i.USART1_IRQHandler  stm32f1xx_it.o
    0x08003438   0x00000014   Code   RO          374    i.USART2_IRQHandler  stm32f1xx_it.o
    0x0800344c   0x00000014   Code   RO          375    i.USART3_IRQHandler  stm32f1xx_it.o
    0x08003460   0x00000002   Code   RO          376    i.UsageFault_Handler  stm32f1xx_it.o
    0x08003462   0x00000002   PAD
    0x08003464   0x00000020   Code   RO         5029    i.__0printf         mc_w.l(printfa.o)
    0x08003484   0x00000028   Code   RO         5031    i.__0sprintf        mc_w.l(printfa.o)
    0x080034ac   0x00000020   Code   RO          963    i.__NVIC_SetPriority  stm32f1xx_hal_cortex.o
    0x080034cc   0x00000008   Code   RO         5128    i.__aeabi_errno_addr  mc_w.l(errno.o)
    0x080034d4   0x0000000c   Code   RO         5129    i.__read_errno      mc_w.l(errno.o)
    0x080034e0   0x0000000e   Code   RO         5207    i.__scatterload_copy  mc_w.l(handlers.o)
    0x080034ee   0x00000002   Code   RO         5208    i.__scatterload_null  mc_w.l(handlers.o)
    0x080034f0   0x0000000e   Code   RO         5209    i.__scatterload_zeroinit  mc_w.l(handlers.o)
    0x080034fe   0x00000002   PAD
    0x08003500   0x0000000c   Code   RO         5130    i.__set_errno       mc_w.l(errno.o)
    0x0800350c   0x00000164   Code   RO         5036    i._fp_digits        mc_w.l(printfa.o)
    0x08003670   0x0000000e   Code   RO         5190    i._is_digit         mc_w.l(scanf_fp.o)
    0x0800367e   0x00000002   PAD
    0x08003680   0x000006dc   Code   RO         5037    i._printf_core      mc_w.l(printfa.o)
    0x08003d5c   0x00000024   Code   RO         5038    i._printf_post_padding  mc_w.l(printfa.o)
    0x08003d80   0x0000002e   Code   RO         5039    i._printf_pre_padding  mc_w.l(printfa.o)
    0x08003dae   0x0000000a   Code   RO         5041    i._sputc            mc_w.l(printfa.o)
    0x08003db8   0x0000002a   Code   RO         4755    i.atof              m_ws.l(atof.o)
    0x08003de2   0x00000002   PAD
    0x08003de4   0x00000be8   Code   RO         4385    i.deal_lcd_show     modbus.o
    0x080049cc   0x000000b0   Code   RO         4239    i.deal_relay_run    relay.o
    0x08004a7c   0x0000001c   Code   RO         4577    i.delay_init        delay.o
    0x08004a98   0x00000038   Code   RO         4579    i.delay_us          delay.o
    0x08004ad0   0x00000324   Code   RO           20    i.esp826601_net_work_task  main.o
    0x08004df4   0x000001a4   Code   RO         4517    i.esp826601_wifi_connect  wifi.o
    0x08004f98   0x00000368   Code   RO           21    i.esp826607_net_work_task  main.o
    0x08005300   0x00000274   Code   RO         4518    i.esp826607wifi_connect  wifi.o
    0x08005574   0x00000024   Code   RO         4176    i.flash__read       flash.o
    0x08005598   0x0000005c   Code   RO         4177    i.flash__write      flash.o
    0x080055f4   0x00000024   Code   RO         4178    i.flash_read        flash.o
    0x08005618   0x0000005c   Code   RO         4179    i.flash_write       flash.o
    0x08005674   0x00000018   Code   RO           22    i.fputc             main.o
    0x0800568c   0x00000050   Code   RO         5057    i.free              mc_w.l(malloc.o)
    0x080056dc   0x0000012c   Code   RO           23    i.huart1_recive_idel_reback  main.o
    0x08005808   0x0000017c   Code   RO           24    i.huart2_recive_idel_reback  main.o
    0x08005984   0x00000264   Code   RO           25    i.huart3_recive_idel_reback  main.o
    0x08005be8   0x000001c0   Code   RO           26    i.lcd_task          main.o
    0x08005da8   0x0000000c   Code   RO         4240    i.learn_air_cmd     relay.o
    0x08005db4   0x000000f4   Code   RO           27    i.main              main.o
    0x08005ea8   0x0000006c   Code   RO         5058    i.malloc            mc_w.l(malloc.o)
    0x08005f14   0x000001e8   Code   RO           28    i.pc_deal_task      main.o
    0x080060fc   0x00000070   Code   RO         3326    i.prvAddCurrentTaskToDelayedList  tasks.o
    0x0800616c   0x000000d0   Code   RO         3327    i.prvAddNewTaskToReadyList  tasks.o
    0x0800623c   0x00000014   Code   RO         3328    i.prvDeleteTCB      tasks.o
    0x08006250   0x0000004c   Code   RO         3999    i.prvHeapInit       heap_4.o
    0x0800629c   0x00000060   Code   RO         3329    i.prvIdleTask       tasks.o
    0x080062fc   0x0000009c   Code   RO         3330    i.prvInitialiseNewTask  tasks.o
    0x08006398   0x0000004c   Code   RO         4000    i.prvInsertBlockIntoFreeList  heap_4.o
    0x080063e4   0x00000020   Code   RO         3331    i.prvResetNextTaskUnblockTime  tasks.o
    0x08006404   0x00000028   Code   RO         4062    i.prvTaskExitError  port.o
    0x0800642c   0x000000d8   Code   RO         4001    i.pvPortMalloc      heap_4.o
    0x08006504   0x00000024   Code   RO         4063    i.pxPortInitialiseStack  port.o
    0x08006528   0x00000044   Code   RO         4180    i.readFlashTest     flash.o
    0x0800656c   0x000000ac   Code   RO         4386    i.read_hex_data     modbus.o
    0x08006618   0x000000d4   Code   RO         4387    i.read_local_time   modbus.o
    0x080066ec   0x000000cc   Code   RO         4338    i.read_temp_humi    get_temp.o
    0x080067b8   0x000000cc   Code   RO         4388    i.read_txt_data     modbus.o
    0x08006884   0x00000108   Code   RO         4241    i.relay_init        relay.o
    0x0800698c   0x00000030   Code   RO           29    i.relay_task        main.o
    0x080069bc   0x000004c4   Code   RO           30    i.run_deal_task     main.o
    0x08006e80   0x00000040   Code   RO         4391    i.secs_to_time      modbus.o
    0x08006ec0   0x00000070   Code   RO         4519    i.sendCommand       wifi.o
    0x08006f30   0x00000070   Code   RO         4242    i.send_air_cmd      relay.o
    0x08006fa0   0x00000068   Code   RO         4392    i.set_default_parameters  modbus.o
    0x08007008   0x0000011c   Code   RO           31    i.start_task        main.o
    0x08007124   0x00000004   Code   RO         4339    i.swap_16           get_temp.o
    0x08007128   0x00000004   Code   RO         4340    i.swap_32           get_temp.o
    0x0800712c   0x00000214   Code   RO           32    i.temp_humi_task    main.o
    0x08007340   0x00000048   Code   RO         4393    i.time_to_secs      modbus.o
    0x08007388   0x00000078   Code   RO         4394    i.update_net_time   modbus.o
    0x08007400   0x00000026   Code   RO         4137    i.uxListRemove      list.o
    0x08007426   0x00000016   Code   RO         4138    i.vListInitialise   list.o
    0x0800743c   0x00000006   Code   RO         4139    i.vListInitialiseItem  list.o
    0x08007442   0x00000030   Code   RO         4140    i.vListInsert       list.o
    0x08007472   0x00000018   Code   RO         4141    i.vListInsertEnd    list.o
    0x0800748a   0x00000002   PAD
    0x0800748c   0x00000040   Code   RO         4065    i.vPortEnterCritical  port.o
    0x080074cc   0x00000028   Code   RO         4066    i.vPortExitCritical  port.o
    0x080074f4   0x0000005c   Code   RO         4002    i.vPortFree         heap_4.o
    0x08007550   0x00000024   Code   RO         4067    i.vPortSetupTimerInterrupt  port.o
    0x08007574   0x0000004c   Code   RO         3340    i.vTaskDelay        tasks.o
    0x080075c0   0x000000ac   Code   RO         3341    i.vTaskDelete       tasks.o
    0x0800766c   0x00000068   Code   RO         3353    i.vTaskStartScheduler  tasks.o
    0x080076d4   0x00000010   Code   RO         3355    i.vTaskSuspendAll   tasks.o
    0x080076e4   0x0000005c   Code   RO         3356    i.vTaskSwitchContext  tasks.o
    0x08007740   0x00000078   Code   RO         4181    i.writeFlashTest    flash.o
    0x080077b8   0x00000040   Code   RO         4395    i.write_hex_data    modbus.o
    0x080077f8   0x0000008c   Code   RO         4396    i.write_id_data     modbus.o
    0x08007884   0x00000088   Code   RO         4397    i.write_id_data1    modbus.o
    0x0800790c   0x00000070   Code   RO         4398    i.write_txt_data    modbus.o
    0x0800797c   0x0000000c   Code   RO         4004    i.xPortGetFreeHeapSize  heap_4.o
    0x08007988   0x000000a8   Code   RO         4069    i.xPortStartScheduler  port.o
    0x08007a30   0x00000056   Code   RO         3358    i.xTaskCreate       tasks.o
    0x08007a86   0x00000002   PAD
    0x08007a88   0x000000c8   Code   RO         3365    i.xTaskIncrementTick  tasks.o
    0x08007b50   0x000000c4   Code   RO         3371    i.xTaskResumeAll    tasks.o
    0x08007c14   0x00000010   Data   RO         2907    .constdata          system_stm32f1xx.o
    0x08007c24   0x00000008   Data   RO         2908    .constdata          system_stm32f1xx.o
    0x08007c2c   0x000000a5   Data   RO         4400    .constdata          modbus.o
    0x08007cd1   0x0000000c   Data   RO         4768    .constdata          mc_w.l(mktime.o)
    0x08007cdd   0x0000000c   Data   RO         5124    .constdata          mc_w.l(localtime_i.o)
    0x08007ce9   0x00000081   Data   RO         5161    .constdata          mc_w.l(ctype_o.o)
    0x08007d6a   0x00000002   PAD
    0x08007d6c   0x00000004   Data   RO         5162    .constdata          mc_w.l(ctype_o.o)
    0x08007d70   0x00000025   Data   RO         4522    .conststring        wifi.o
    0x08007d95   0x00000003   PAD
    0x08007d98   0x00000020   Data   RO         5205    Region$$Table       anon$$obj.o


    Execution Region RW_IRAM1 (Base: 0x20000000, Size: 0x00004a50, Max: 0x00005000, ABSOLUTE, COMPRESSED[0x000000fc])

    Base Addr    Size         Type   Attr      Idx    E Section Name        Object

    0x20000000   0x0000009d   Data   RW           34    .data               main.o
    0x2000009d   0x00000003   PAD
    0x200000a0   0x0000000c   Data   RW          595    .data               stm32f1xx_hal.o
    0x200000ac   0x00000004   Data   RW         2909    .data               system_stm32f1xx.o
    0x200000b0   0x0000003c   Data   RW         3374    .data               tasks.o
    0x200000ec   0x00000018   Data   RW         4007    .data               heap_4.o
    0x20000104   0x0000000c   Data   RW         4070    .data               port.o
    0x20000110   0x00000010   Data   RW         4187    .data               flash.o
    0x20000120   0x00000011   Data   RW         4244    .data               relay.o
    0x20000131   0x00000001   PAD
    0x20000132   0x0000000a   Data   RW         4344    .data               get_temp.o
    0x2000013c   0x000000f2   Data   RW         4401    .data               modbus.o
    0x2000022e   0x00000002   PAD
    0x20000230   0x00000004   Data   RW         4527    .data               wifi.o
    0x20000234   0x00000008   Data   RW         4580    .data               delay.o
    0x2000023c   0x00000004   Data   RW         4624    .data               config.o
    0x20000240   0x0000000c   Data   RW         4625    .data               config.o
    0x2000024c   0x00000004   Data   RW         4626    .data               config.o
    0x20000250   0x0000000c   Data   RW         4675    .data               infrared.o
    0x2000025c   0x00000004   Data   RW         5115    .data               mc_w.l(stdout.o)
    0x20000260   0x00000004   Data   RW         5126    .data               mc_w.l(mvars.o)
    0x20000264   0x00000004   Data   RW         5127    .data               mc_w.l(mvars.o)
    0x20000268   0x00000004   Data   RW         5131    .data               mc_w.l(errno.o)
    0x2000026c   0x00001264   Zero   RW           33    .bss                main.o
    0x200014d0   0x00000048   Zero   RW          498    .bss                stm32f1xx_hal_timebase_tim.o
    0x20001518   0x00000020   Zero   RW         1079    .bss                stm32f1xx_hal_flash.o
    0x20001538   0x00000190   Zero   RW         3373    .bss                tasks.o
    0x200016c8   0x00002000   Zero   RW         4006    .bss                heap_4.o
    0x200036c8   0x00000322   Zero   RW         4243    .bss                relay.o
    0x200039ea   0x00000013   Zero   RW         4341    .bss                get_temp.o
    0x200039fd   0x0000013c   Zero   RW         4399    .bss                modbus.o
    0x20003b39   0x00000232   Zero   RW         4521    .bss                wifi.o
    0x20003d6b   0x00000001   PAD
    0x20003d6c   0x00000324   Zero   RW         4623    .bss                config.o
    0x20004090   0x00000324   Zero   RW         4672    .bss                infrared.o
    0x200043b4   0x0000000c   Zero   RW         4673    .bss                infrared.o
    0x200043c0   0x00000090   Zero   RW         4674    .bss                infrared.o
    0x20004450   0x00000200   Zero   RW            2    HEAP                startup_stm32f103xb.o
    0x20004650   0x00000400   Zero   RW            1    STACK               startup_stm32f103xb.o


==============================================================================

Image component sizes


      Code (inc. data)   RO Data    RW Data    ZI Data      Debug   Object Name

        24         10          0         20        804       9165   config.o
        44          0          0          0          0        761   crc.o
        84         18          0          8          0       1192   delay.o
         0          0          0          0          0       9520   event_groups.o
       444         62          0         16          0       4253   flash.o
         0          0          0          0          0       8257   freertos.o
       212         18          0         10         19       2261   get_temp.o
       472         30          0         24       8192       7730   heap_4.o
      1032         98          0         12        960       7563   infrared.o
       138          0          0          0          0       3354   list.o
      6770        908          0        157       4708     505872   main.o
      4448        442        165        242        316      44322   modbus.o
       578         60          0         12          0      10252   port.o
       824         58          0         17        802      13955   relay.o
        36          8        236          0       1536        796   startup_stm32f103xb.o
        64         14          0         12          0       4590   stm32f1xx_hal.o
       158         14          0          0          0      28150   stm32f1xx_hal_cortex.o
       222          4          0          0          0       1747   stm32f1xx_hal_dma.o
       392         46          0          0         32       4674   stm32f1xx_hal_flash.o
       240         26          0          0          0       3221   stm32f1xx_hal_flash_ex.o
       540         40          0          0          0       4679   stm32f1xx_hal_gpio.o
       102          0          0          0          0       1815   stm32f1xx_hal_iwdg.o
       380         36          0          0          0       1781   stm32f1xx_hal_msp.o
      1336        110          0          0          0       5769   stm32f1xx_hal_rcc.o
      1816         58          0          0          0      16241   stm32f1xx_hal_tim.o
       108         12          0          0          0       2341   stm32f1xx_hal_tim_ex.o
       116         18          0          0         72       1375   stm32f1xx_hal_timebase_tim.o
      1632         16          0          0          0      13480   stm32f1xx_hal_uart.o
       102         24          0          0          0       5149   stm32f1xx_it.o
         2          0         24          4          0       1075   system_stm32f1xx.o
      1566        130          0         60        400      15364   tasks.o
      1160        346         37          4        562      10976   wifi.o

    ----------------------------------------------------------------------
     25076       2606        497        604      18404     751680   Object Totals
         0          0         32          0          0          0   (incl. Generated)
        34          0          3          6          1          0   (incl. Padding)

    ----------------------------------------------------------------------

      Code (inc. data)   RO Data    RW Data    ZI Data      Debug   Library Member Name

        42          0          0          0          0         84   atof.o
        86          0          0          0          0          0   __dczerorl2.o
        28          0          0          0          0         68   _chval.o
        64          0          0          0          0         84   _sgetc.o
       158          0          0          0          0         92   _strtoul.o
        26          0          0          0          0         80   atoi.o
         8          4        133          0          0         68   ctype_o.o
         0          0          0          0          0          0   entry.o
         0          0          0          0          0          0   entry10a.o
         0          0          0          0          0          0   entry11a.o
         8          4          0          0          0          0   entry2.o
         4          0          0          0          0          0   entry5.o
         0          0          0          0          0          0   entry7b.o
         0          0          0          0          0          0   entry8b.o
         8          4          0          0          0          0   entry9a.o
        32         16          0          4          0        204   errno.o
        30          0          0          0          0          0   handlers.o
        36          8          0          0          0         68   init.o
        18          0          0          0          0         76   isspace_o.o
         0          0          0          0          0          0   iusefp.o
        30          0          0          0          0         68   llshl.o
        36          0          0          0          0         68   llsshr.o
        32          0          0          0          0         68   llushr.o
       140          6         12          0          0         76   localtime_i.o
       188         20          0          0          0        160   malloc.o
        26          0          0          0          0         80   memcmp.o
        36          0          0          0          0         68   memcpya.o
        36          0          0          0          0        108   memseta.o
       168         18         12          0          0         80   mktime.o
         0          0          0          8          0          0   mvars.o
      2276         96          0          0          0        596   printfa.o
       838         12          0          0          0        216   scanf_fp.o
         0          0          0          4          0          0   stdout.o
        24          0          0          0          0         68   strcat.o
        28          0          0          0          0         76   strcmp.o
        18          0          0          0          0         68   strcpy.o
        14          0          0          0          0         68   strlen.o
        36          0          0          0          0         80   strstr.o
       156         14          0          0          0        120   strtod.o
       112          0          0          0          0         88   strtol.o
        44          0          0          0          0         80   uidiv.o
        98          0          0          0          0         92   uldiv.o
        48          0          0          0          0         68   cdrcmple.o
        56          0          0          0          0         88   d2f.o
       334          0          0          0          0        148   dadd.o
       222          0          0          0          0        100   ddiv.o
       186          0          0          0          0        176   depilogue.o
        62          0          0          0          0         80   dfixi.o
        50          0          0          0          0         76   dfixui.o
        48          0          0          0          0         68   dfixul.o
        24          0          0          0          0         76   dfltul.o
       228          0          0          0          0         96   dmul.o
        38          0          0          0          0         68   f2d.o
       124          0          0          0          0         88   fdiv.o
       110          0          0          0          0        168   fepilogue.o
        18          0          0          0          0         68   fflti.o
        10          0          0          0          0         68   ffltui.o

    ----------------------------------------------------------------------
      6452        202        159         16          0       4588   Library Totals
        10          0          2          0          0          0   (incl. Padding)

    ----------------------------------------------------------------------

      Code (inc. data)   RO Data    RW Data    ZI Data      Debug   Library Name

        42          0          0          0          0         84   m_ws.l
      4842        202        157         16          0       3068   mc_w.l
      1558          0          0          0          0       1436   mf_w.l

    ----------------------------------------------------------------------
      6452        202        159         16          0       4588   Library Totals

    ----------------------------------------------------------------------

==============================================================================


      Code (inc. data)   RO Data    RW Data    ZI Data      Debug   

     31528       2808        656        620      18404     744332   Grand Totals
     31528       2808        656        252      18404     744332   ELF Image Totals (compressed)
     31528       2808        656        252          0          0   ROM Totals

==============================================================================

    Total RO  Size (Code + RO Data)                32184 (  31.43kB)
    Total RW  Size (RW Data + ZI Data)             19024 (  18.58kB)
    Total ROM Size (Code + RO Data + RW Data)      32436 (  31.68kB)

==============================================================================

