<html>
<body>
<pre>
<h1>µVision Build Log</h1>
<h2>Tool Versions:</h2>
IDE-Version: ¦ÌVision V5.16a
Copyright (C) 2015 ARM Ltd and ARM Germany GmbH. All rights reserved.
License Information: 12 12, 12, LIC=R4HKP-M4F4I-TJ16H-W273H-NC0L9-92JGK
 
Tool Versions:
Toolchain:       MDK-ARM Professional  Version: 5.16a
Toolchain Path:  D:\Keil_v5\ARM\ARMCC\Bin
C Compiler:      Armcc.exe V5.06 (build 20)
Assembler:       Armasm.exe V5.06 (build 20)
Linker/Locator:  ArmLink.exe V5.06 (build 20)
Library Manager: ArmAr.exe V5.06 (build 20)
Hex Converter:   FromElf.exe V5.06 (build 20)
CPU DLL:         SARMCM3.DLL V5.16a
Dialog DLL:      DCM.DLL V1.13.2.0
Target DLL:      STLink\ST-LINKIII-KEIL_SWO.dll V2.0.17.0
Dialog DLL:      TCM.DLL V1.14.5.0
 
<h2>Project:</h2>
D:\Desktop\W806\c8t6FreeRtos\c8t6FreeRtos\c8t6FreeRtos\MDK-ARM\c8t6FreeRtos.uvprojx
Project File Date:  08/14/2022

<h2>Output:</h2>
*** Using Compiler 'V5.06 (build 20)', folder: 'D:\Keil_v5\ARM\ARMCC\Bin'
Build target 'c8t6FreeRtos'
assembling startup_stm32f103xb.s...
compiling stm32f1xx_hal_gpio_ex.c...
compiling stm32f1xx_hal_rcc.c...
compiling stm32f1xx_hal_timebase_tim.c...
compiling stm32f1xx_hal_cortex.c...
compiling stm32f1xx_hal_gpio.c...
compiling stm32f1xx_hal_rcc_ex.c...
compiling stm32f1xx_hal.c...
compiling freertos.c...
compiling stm32f1xx_it.c...
compiling stm32f1xx_hal_msp.c...
compiling main.c...
../Src/main.c(997): warning:  #188-D: enumerated type mixed with another type
  			HAL_GPIO_WritePin(
NS_LED_PORT,
NS_LED_PIN,!HAL_GPIO_ReadPin(
NS_LED_PORT, 
NS_LED_PIN));
../Src/main.c: 1 warning, 0 errors
compiling croutine.c...
compiling event_groups.c...
compiling queue.c...
compiling stream_buffer.c...
compiling stm32f1xx_hal_flash.c...
compiling system_stm32f1xx.c...
compiling tasks.c...
compiling timers.c...
compiling stm32f1xx_hal_iwdg.c...
compiling stm32f1xx_hal_pwr.c...
compiling heap_4.c...
compiling stm32f1xx_hal_flash_ex.c...
compiling list.c...
compiling stm32f1xx_hal_tim_ex.c...
compiling stm32f1xx_hal_exti.c...
compiling port.c...
compiling cmsis_os.c...
compiling stm32f1xx_hal_dma.c...
compiling stm32f1xx_hal_uart.c...
compiling stm32f1xx_hal_tim.c...
compiling flash.c...
compiling delay.c...
compiling crc.c...
compiling config.c...
compiling get_temp.c...
compiling relay.c...
compiling infrared.c...
compiling wifi.c...
..\APP\WIFI\wifi.c(97): warning:  #111-D: statement is unreachable
  	return ERROR;
..\APP\WIFI\wifi.c: 1 warning, 0 errors
compiling modbus.c...
linking...
Program Size: Code=31528 RO-data=656 RW-data=620 ZI-data=18404  
FromELF: creating hex file...
"c8t6FreeRtos\c8t6FreeRtos.axf" - 0 Error(s), 2 Warning(s).

<h2>Software Packages used:</h2>

Package Vendor: ARM
                http://www.keil.com/pack/ARM.CMSIS.4.3.0.pack
                ARM::CMSIS:CORE:4.1.0
                CMSIS (Cortex Microcontroller Software Interface Standard)
   * Component: CORE Version: 4.1.0

<h2>Collection of Component include folders:</h2>
  D:\Desktop\W806\c8t6FreeRtos\c8t6FreeRtos\c8t6FreeRtos\MDK-ARM\RTE
  D:\Keil_v5\ARM\PACK\ARM\CMSIS\4.3.0\CMSIS\Include
  D:\Keil_v5\ARM\PACK\Keil\STM32F1xx_DFP\2.3.0\Device\Include

<h2>Collection of Component Files used:</h2>

   * Component: ARM::CMSIS:CORE:4.1.0
Build Time Elapsed:  00:00:20
</pre>
</body>
</html>
